Archive member included because of file (symbol)

c:/infineon/tools/dave ide/4.5.0.202105191637/eclipse/arm-gcc-49/bin/../lib/gcc/arm-none-eabi/4.9.3/../../../../arm-none-eabi/lib/armv7e-m/softfp\libm.a(lib_a-s_cos.o)
                              ./SSD1306/ssd1306.o (cos)
c:/infineon/tools/dave ide/4.5.0.202105191637/eclipse/arm-gcc-49/bin/../lib/gcc/arm-none-eabi/4.9.3/../../../../arm-none-eabi/lib/armv7e-m/softfp\libm.a(lib_a-s_sin.o)
                              ./SSD1306/ssd1306.o (sin)
c:/infineon/tools/dave ide/4.5.0.202105191637/eclipse/arm-gcc-49/bin/../lib/gcc/arm-none-eabi/4.9.3/../../../../arm-none-eabi/lib/armv7e-m/softfp\libm.a(lib_a-s_trunc.o)
                              ./main.o (trunc)
c:/infineon/tools/dave ide/4.5.0.202105191637/eclipse/arm-gcc-49/bin/../lib/gcc/arm-none-eabi/4.9.3/../../../../arm-none-eabi/lib/armv7e-m/softfp\libm.a(lib_a-e_rem_pio2.o)
                              c:/infineon/tools/dave ide/4.5.0.202105191637/eclipse/arm-gcc-49/bin/../lib/gcc/arm-none-eabi/4.9.3/../../../../arm-none-eabi/lib/armv7e-m/softfp\libm.a(lib_a-s_cos.o) (__ieee754_rem_pio2)
c:/infineon/tools/dave ide/4.5.0.202105191637/eclipse/arm-gcc-49/bin/../lib/gcc/arm-none-eabi/4.9.3/../../../../arm-none-eabi/lib/armv7e-m/softfp\libm.a(lib_a-k_cos.o)
                              c:/infineon/tools/dave ide/4.5.0.202105191637/eclipse/arm-gcc-49/bin/../lib/gcc/arm-none-eabi/4.9.3/../../../../arm-none-eabi/lib/armv7e-m/softfp\libm.a(lib_a-s_cos.o) (__kernel_cos)
c:/infineon/tools/dave ide/4.5.0.202105191637/eclipse/arm-gcc-49/bin/../lib/gcc/arm-none-eabi/4.9.3/../../../../arm-none-eabi/lib/armv7e-m/softfp\libm.a(lib_a-k_rem_pio2.o)
                              c:/infineon/tools/dave ide/4.5.0.202105191637/eclipse/arm-gcc-49/bin/../lib/gcc/arm-none-eabi/4.9.3/../../../../arm-none-eabi/lib/armv7e-m/softfp\libm.a(lib_a-e_rem_pio2.o) (__kernel_rem_pio2)
c:/infineon/tools/dave ide/4.5.0.202105191637/eclipse/arm-gcc-49/bin/../lib/gcc/arm-none-eabi/4.9.3/../../../../arm-none-eabi/lib/armv7e-m/softfp\libm.a(lib_a-k_sin.o)
                              c:/infineon/tools/dave ide/4.5.0.202105191637/eclipse/arm-gcc-49/bin/../lib/gcc/arm-none-eabi/4.9.3/../../../../arm-none-eabi/lib/armv7e-m/softfp\libm.a(lib_a-s_cos.o) (__kernel_sin)
c:/infineon/tools/dave ide/4.5.0.202105191637/eclipse/arm-gcc-49/bin/../lib/gcc/arm-none-eabi/4.9.3/../../../../arm-none-eabi/lib/armv7e-m/softfp\libm.a(lib_a-s_fabs.o)
                              c:/infineon/tools/dave ide/4.5.0.202105191637/eclipse/arm-gcc-49/bin/../lib/gcc/arm-none-eabi/4.9.3/../../../../arm-none-eabi/lib/armv7e-m/softfp\libm.a(lib_a-e_rem_pio2.o) (fabs)
c:/infineon/tools/dave ide/4.5.0.202105191637/eclipse/arm-gcc-49/bin/../lib/gcc/arm-none-eabi/4.9.3/../../../../arm-none-eabi/lib/armv7e-m/softfp\libm.a(lib_a-s_floor.o)
                              c:/infineon/tools/dave ide/4.5.0.202105191637/eclipse/arm-gcc-49/bin/../lib/gcc/arm-none-eabi/4.9.3/../../../../arm-none-eabi/lib/armv7e-m/softfp\libm.a(lib_a-k_rem_pio2.o) (floor)
c:/infineon/tools/dave ide/4.5.0.202105191637/eclipse/arm-gcc-49/bin/../lib/gcc/arm-none-eabi/4.9.3/../../../../arm-none-eabi/lib/armv7e-m/softfp\libm.a(lib_a-s_scalbn.o)
                              c:/infineon/tools/dave ide/4.5.0.202105191637/eclipse/arm-gcc-49/bin/../lib/gcc/arm-none-eabi/4.9.3/../../../../arm-none-eabi/lib/armv7e-m/softfp\libm.a(lib_a-k_rem_pio2.o) (scalbn)
c:/infineon/tools/dave ide/4.5.0.202105191637/eclipse/arm-gcc-49/bin/../lib/gcc/arm-none-eabi/4.9.3/../../../../arm-none-eabi/lib/armv7e-m/softfp\libm.a(lib_a-s_copysign.o)
                              c:/infineon/tools/dave ide/4.5.0.202105191637/eclipse/arm-gcc-49/bin/../lib/gcc/arm-none-eabi/4.9.3/../../../../arm-none-eabi/lib/armv7e-m/softfp\libm.a(lib_a-s_scalbn.o) (copysign)
c:/infineon/tools/dave ide/4.5.0.202105191637/eclipse/arm-gcc-49/bin/../lib/gcc/arm-none-eabi/4.9.3/armv7e-m/softfp\libgcc.a(_arm_addsubdf3.o)
                              c:/infineon/tools/dave ide/4.5.0.202105191637/eclipse/arm-gcc-49/bin/../lib/gcc/arm-none-eabi/4.9.3/../../../../arm-none-eabi/lib/armv7e-m/softfp\libm.a(lib_a-s_cos.o) (__aeabi_dsub)
c:/infineon/tools/dave ide/4.5.0.202105191637/eclipse/arm-gcc-49/bin/../lib/gcc/arm-none-eabi/4.9.3/armv7e-m/softfp\libgcc.a(_arm_muldivdf3.o)
                              ./SSD1306/ssd1306.o (__aeabi_dmul)
c:/infineon/tools/dave ide/4.5.0.202105191637/eclipse/arm-gcc-49/bin/../lib/gcc/arm-none-eabi/4.9.3/armv7e-m/softfp\libgcc.a(_arm_cmpdf2.o)
                              c:/infineon/tools/dave ide/4.5.0.202105191637/eclipse/arm-gcc-49/bin/../lib/gcc/arm-none-eabi/4.9.3/../../../../arm-none-eabi/lib/armv7e-m/softfp\libm.a(lib_a-e_rem_pio2.o) (__aeabi_dcmpeq)
c:/infineon/tools/dave ide/4.5.0.202105191637/eclipse/arm-gcc-49/bin/../lib/gcc/arm-none-eabi/4.9.3/armv7e-m/softfp\libgcc.a(_arm_fixdfsi.o)
                              ./SSD1306/ssd1306.o (__aeabi_d2iz)
[...]
Memory Configuration

Name             Origin             Length             Attributes
FLASH_1_cached   0x08000000         0x00100000         xr
FLASH_1_uncached 0x0c000000         0x00100000         xr
PSRAM_1          0x10000000         0x00010000         !xr
DSRAM_1_system   0x20000000         0x00010000         !xr
DSRAM_2_comm     0x30000000         0x00008000         !xr
*default*        0x00000000         0xffffffff

Linker script and memory map

LOAD ./Startup/startup_XMC4500.o
LOAD ./Startup/system_XMC4500.o
LOAD ./SSD1306/ssd1306.o
LOAD ./SSD1306/ssd1306_fonts.o
LOAD ./Libraries/XMCLib/src/xmc4_eru.o
LOAD ./Libraries/XMCLib/src/xmc4_flash.o
LOAD ./Libraries/XMCLib/src/xmc4_gpio.o
LOAD ./Libraries/XMCLib/src/xmc4_rtc.o
LOAD ./Libraries/XMCLib/src/xmc4_scu.o
LOAD ./Libraries/XMCLib/src/xmc_can.o
LOAD ./Libraries/XMCLib/src/xmc_ccu4.o
LOAD ./Libraries/XMCLib/src/xmc_ccu8.o
LOAD ./Libraries/XMCLib/src/xmc_common.o
LOAD ./Libraries/XMCLib/src/xmc_dac.o
LOAD ./Libraries/XMCLib/src/xmc_dma.o
LOAD ./Libraries/XMCLib/src/xmc_dsd.o
LOAD ./Libraries/XMCLib/src/xmc_ebu.o
LOAD ./Libraries/XMCLib/src/xmc_ecat.o
LOAD ./Libraries/XMCLib/src/xmc_eru.o
LOAD ./Libraries/XMCLib/src/xmc_eth_mac.o
LOAD ./Libraries/XMCLib/src/xmc_eth_phy_dp83848.o
LOAD ./Libraries/XMCLib/src/xmc_eth_phy_ksz8031rnl.o
LOAD ./Libraries/XMCLib/src/xmc_eth_phy_ksz8081rnb.o
LOAD ./Libraries/XMCLib/src/xmc_fce.o
LOAD ./Libraries/XMCLib/src/xmc_gpio.o
LOAD ./Libraries/XMCLib/src/xmc_hrpwm.o
LOAD ./Libraries/XMCLib/src/xmc_i2c.o
LOAD ./Libraries/XMCLib/src/xmc_i2s.o
LOAD ./Libraries/XMCLib/src/xmc_ledts.o
LOAD ./Libraries/XMCLib/src/xmc_posif.o
LOAD ./Libraries/XMCLib/src/xmc_rtc.o
LOAD ./Libraries/XMCLib/src/xmc_sdmmc.o
LOAD ./Libraries/XMCLib/src/xmc_spi.o
LOAD ./Libraries/XMCLib/src/xmc_uart.o
LOAD ./Libraries/XMCLib/src/xmc_usbd.o
LOAD ./Libraries/XMCLib/src/xmc_usbh.o
LOAD ./Libraries/XMCLib/src/xmc_usic.o
LOAD ./Libraries/XMCLib/src/xmc_vadc.o
LOAD ./Libraries/XMCLib/src/xmc_wdt.o
LOAD ./Libraries/Newlib/syscalls.o
LOAD ./Dave/Generated/I2C_MASTER/i2c_master.o
LOAD ./Dave/Generated/I2C_MASTER/i2c_master_conf.o
LOAD ./Dave/Generated/GLOBAL_ADC/global_adc.o
LOAD ./Dave/Generated/GLOBAL_ADC/global_adc_conf.o
LOAD ./Dave/Generated/CPU_CTRL_XMC4/cpu_ctrl_xmc4.o
LOAD ./Dave/Generated/CPU_CTRL_XMC4/cpu_ctrl_xmc4_conf.o
LOAD ./Dave/Generated/CLOCK_XMC4/clock_xmc4.o
LOAD ./Dave/Generated/CLOCK_XMC4/clock_xmc4_conf.o
LOAD ./Dave/Generated/ADC_MEASUREMENT/adc_measurement.o
LOAD ./Dave/Generated/ADC_MEASUREMENT/adc_measurement_conf.o
LOAD ./Dave/Generated/DAVE.o
LOAD ./main.o
LOAD c:/infineon/tools/dave ide/4.5.0.202105191637/eclipse/arm-gcc-49/bin/../lib/gcc/arm-none-eabi/4.9.3/../../../../arm-none-eabi/lib/armv7e-m/softfp\libm.a
START GROUP
LOAD c:/infineon/tools/dave ide/4.5.0.202105191637/eclipse/arm-gcc-49/bin/../lib/gcc/arm-none-eabi/4.9.3/armv7e-m/softfp\libgcc.a
LOAD c:/infineon/tools/dave ide/4.5.0.202105191637/eclipse/arm-gcc-49/bin/../lib/gcc/arm-none-eabi/4.9.3/../../../../arm-none-eabi/lib/armv7e-m/softfp\libg_nano.a
LOAD c:/infineon/tools/dave ide/4.5.0.202105191637/eclipse/arm-gcc-49/bin/../lib/gcc/arm-none-eabi/4.9.3/../../../../arm-none-eabi/lib/armv7e-m/softfp\libc_nano.a
END GROUP
START GROUP
LOAD c:/infineon/tools/dave ide/4.5.0.202105191637/eclipse/arm-gcc-49/bin/../lib/gcc/arm-none-eabi/4.9.3/armv7e-m/softfp\libgcc.a
LOAD c:/infineon/tools/dave ide/4.5.0.202105191637/eclipse/arm-gcc-49/bin/../lib/gcc/arm-none-eabi/4.9.3/../../../../arm-none-eabi/lib/armv7e-m/softfp\libc_nano.a
LOAD c:/infineon/tools/dave ide/4.5.0.202105191637/eclipse/arm-gcc-49/bin/../lib/gcc/arm-none-eabi/4.9.3/../../../../arm-none-eabi/lib/armv7e-m/softfp\libnosys.a
END GROUP
START GROUP
LOAD c:/infineon/tools/dave ide/4.5.0.202105191637/eclipse/arm-gcc-49/bin/../lib/gcc/arm-none-eabi/4.9.3/armv7e-m/softfp\libgcc.a
LOAD c:/infineon/tools/dave ide/4.5.0.202105191637/eclipse/arm-gcc-49/bin/../lib/gcc/arm-none-eabi/4.9.3/../../../../arm-none-eabi/lib/armv7e-m/softfp\libc_nano.a
LOAD c:/infineon/tools/dave ide/4.5.0.202105191637/eclipse/arm-gcc-49/bin/../lib/gcc/arm-none-eabi/4.9.3/../../../../arm-none-eabi/lib/armv7e-m/softfp\libnosys.a
END GROUP
                0x00000800                stack_size = DEFINED (stack_size)?stack_size:0x800
                0x00000040                no_init_size = 0x40

.text           0x08000000     0x8758 load address 0x0c000000
                0x08000000                sText = .
 *(.reset)
 .reset         0x08000000      0x2b4 ./Startup/startup_XMC4500.o
                0x08000000                __Vectors
                0x08000200                Reset_Handler
                0x080002b0                DSD0_7_IRQHandler
                0x080002b0                DebugMon_Handler
                0x080002b0                VADC0_C0_0_IRQHandler
                0x080002b0                CAN0_4_IRQHandler
                0x080002b0                VADC0_G2_0_IRQHandler
                0x080002b0                USIC0_5_IRQHandler
                0x080002b0                POSIF0_0_IRQHandler
                0x080002b0                POSIF1_0_IRQHandler
                0x080002b0                HardFault_Handler
                0x080002b0                VADC0_G1_1_IRQHandler
                0x080002b0                PendSV_Handler
                0x080002b0                NMI_Handler
                0x080002b0                USIC1_3_IRQHandler
                0x080002b0                CCU40_2_IRQHandler
                0x080002b0                SCU_0_IRQHandler
                0x080002b0                ERU0_0_IRQHandler
                0x080002b0                CCU41_0_IRQHandler
                0x080002b0                USIC1_5_IRQHandler
                0x080002b0                DSD0_4_IRQHandler
                0x080002b0                CCU80_1_IRQHandler
                0x080002b0                CCU81_0_IRQHandler
                0x080002b0                UsageFault_Handler
                0x080002b0                USIC0_0_IRQHandler
                0x080002b0                POSIF1_1_IRQHandler
                0x080002b0                ERU0_2_IRQHandler
                0x080002b0                CCU81_1_IRQHandler
                0x080002b0                ERU1_1_IRQHandler
                0x080002b0                VADC0_G2_3_IRQHandler
                0x080002b0                VADC0_G2_2_IRQHandler
                0x080002b0                CCU42_3_IRQHandler
                0x080002b0                ERU0_3_IRQHandler
                0x080002b0                DSD0_5_IRQHandler
                0x080002b0                VADC0_C0_3_IRQHandler
                0x080002b0                CAN0_6_IRQHandler
                0x080002b0                CCU43_0_IRQHandler
                0x080002b0                VADC0_G0_1_IRQHandler
                0x080002b0                CCU81_2_IRQHandler
                0x080002b0                USIC2_4_IRQHandler
                0x080002b0                CCU81_3_IRQHandler
                0x080002b0                CCU42_1_IRQHandler
                0x080002b0                USIC2_5_IRQHandler
                0x080002b0                CCU40_0_IRQHandler
                0x080002b0                CAN0_0_IRQHandler
                0x080002b0                ERU1_0_IRQHandler
                0x080002b0                CCU42_2_IRQHandler
                0x080002b0                Default_Handler
                0x080002b0                USIC1_4_IRQHandler
                0x080002b0                ERU1_3_IRQHandler
                0x080002b0                POSIF0_1_IRQHandler
                0x080002b0                VADC0_G0_0_IRQHandler
                0x080002b0                DSD0_2_IRQHandler
                0x080002b0                CCU80_3_IRQHandler
                0x080002b0                CCU41_3_IRQHandler
                0x080002b0                CCU80_2_IRQHandler
                0x080002b0                VADC0_G1_3_IRQHandler
                0x080002b0                VADC0_G0_3_IRQHandler
                0x080002b0                GPDMA0_0_IRQHandler
                0x080002b0                PMU0_0_IRQHandler
                0x080002b0                CAN0_7_IRQHandler
                0x080002b0                DSD0_1_IRQHandler
                0x080002b0                CCU41_2_IRQHandler
                0x080002b0                VADC0_C0_1_IRQHandler
                0x080002b0                CCU43_2_IRQHandler
                0x080002b0                USIC2_2_IRQHandler
                0x080002b0                MemManage_Handler
                0x080002b0                VADC0_G3_1_IRQHandler
                0x080002b0                DAC0_0_IRQHandler
                0x080002b0                SVC_Handler
                0x080002b0                VADC0_G3_3_IRQHandler
                0x080002b0                ERU1_2_IRQHandler
                0x080002b0                CCU41_1_IRQHandler
                0x080002b0                DSD0_6_IRQHandler
                0x080002b0                CCU43_1_IRQHandler
                0x080002b0                VADC0_G1_2_IRQHandler
                0x080002b0                USIC2_3_IRQHandler
                0x080002b0                CAN0_2_IRQHandler
                0x080002b0                USIC2_0_IRQHandler
                0x080002b0                VADC0_G0_2_IRQHandler
                0x080002b0                VADC0_G2_1_IRQHandler
                0x080002b0                CAN0_3_IRQHandler
                0x080002b0                ETH0_0_IRQHandler
                0x080002b0                USIC0_3_IRQHandler
                0x080002b0                DSD0_0_IRQHandler
                0x080002b0                CCU42_0_IRQHandler
                0x080002b0                FCE0_0_IRQHandler
                0x080002b0                VADC0_G1_0_IRQHandler
                0x080002b0                USB0_0_IRQHandler
                0x080002b0                CAN0_5_IRQHandler
                0x080002b0                CCU80_0_IRQHandler
                0x080002b0                CCU40_1_IRQHandler
                0x080002b0                USIC2_1_IRQHandler
                0x080002b0                USIC0_1_IRQHandler
                0x080002b0                VADC0_G3_2_IRQHandler
                0x080002b0                CCU40_3_IRQHandler
                0x080002b0                BusFault_Handler
                0x080002b0                LEDTS0_0_IRQHandler
                0x080002b0                USIC0_4_IRQHandler
                0x080002b0                CCU43_3_IRQHandler
                0x080002b0                ERU0_1_IRQHandler
                0x080002b0                VADC0_G3_0_IRQHandler
                0x080002b0                USIC1_2_IRQHandler
                0x080002b0                DSD0_3_IRQHandler
                0x080002b0                SDMMC0_0_IRQHandler
                0x080002b0                CAN0_1_IRQHandler
                0x080002b0                USIC0_2_IRQHandler
                0x080002b0                DAC0_1_IRQHandler
                0x080002b0                GPDMA1_0_IRQHandler
 *(.text .text.* .gnu.linkonce.t.*)
 .text.SystemInit
                0x080002b4       0x20 ./Startup/system_XMC4500.o
                0x080002b4                SystemInit
 .text.SystemCoreClockUpdate
                0x080002d4       0xd4 ./Startup/system_XMC4500.o
                0x080002d4                SystemCoreClockUpdate
 .text.XMC_USIC_CH_TXFIFO_IsFull
                0x080003a8       0x28 ./SSD1306/ssd1306.o
 .text.XMC_USIC_CH_TXFIFO_IsEmpty
                0x080003d0       0x28 ./SSD1306/ssd1306.o
 .text.XMC_I2C_CH_GetStatusFlag
                0x080003f8       0x18 ./SSD1306/ssd1306.o
 .text.XMC_I2C_CH_ClearStatusFlag
                0x08000410       0x20 ./SSD1306/ssd1306.o
 .text.ssd1306_Reset
                0x08000430        0xc ./SSD1306/ssd1306.o
                0x08000430                ssd1306_Reset
 .text.ssd1306_WriteCommand
                0x0800043c       0xac ./SSD1306/ssd1306.o
                0x0800043c                ssd1306_WriteCommand
 .text.ssd1306_WriteData
                0x080004e8       0xc8 ./SSD1306/ssd1306.o
                0x080004e8                ssd1306_WriteData
 .text.ssd1306_Init
                0x080005b0       0xec ./SSD1306/ssd1306.o
                0x080005b0                ssd1306_Init
 .text.ssd1306_Fill
                0x0800069c       0x44 ./SSD1306/ssd1306.o
                0x0800069c                ssd1306_Fill
 .text.ssd1306_UpdateScreen
                0x080006e0       0x54 ./SSD1306/ssd1306.o
                0x080006e0                ssd1306_UpdateScreen
 .text.ssd1306_DrawPixel
                0x08000734       0xd4 ./SSD1306/ssd1306.o
                0x08000734                ssd1306_DrawPixel
 .text.ssd1306_WriteChar
                0x08000808      0x118 ./SSD1306/ssd1306.o
                0x08000808                ssd1306_WriteChar
 .text.ssd1306_WriteString
                0x08000920       0x54 ./SSD1306/ssd1306.o
                0x08000920                ssd1306_WriteString
 .text.ssd1306_SetCursor
                0x08000974       0x30 ./SSD1306/ssd1306.o
                0x08000974                ssd1306_SetCursor
 .text.ssd1306_SetContrast
                0x080009a4       0x24 ./SSD1306/ssd1306.o
                0x080009a4                ssd1306_SetContrast
 .text.ssd1306_SetDisplayOn
                0x080009c8       0x38 ./SSD1306/ssd1306.o
                0x080009c8                ssd1306_SetDisplayOn
 .text.XMC_GPIO_Init
                0x08000a00      0x14c ./Libraries/XMCLib/src/xmc4_gpio.o
                0x08000a00                XMC_GPIO_Init
 .text.XMC_SCU_CLOCK_GetCpuClockFrequency
                0x08000b4c       0x18 ./Libraries/XMCLib/src/xmc4_scu.o
 .text.XMC_SCU_GetMirrorStatus
                0x08000b64       0x18 ./Libraries/XMCLib/src/xmc4_scu.o
 .text.XMC_SCU_lDelay
                0x08000b7c       0x44 ./Libraries/XMCLib/src/xmc4_scu.o
 .text.XMC_SCU_INTERUPT_GetEventStatus
                0x08000bc0       0x18 ./Libraries/XMCLib/src/xmc4_scu.o
                0x08000bc0                XMC_SCU_INTERUPT_GetEventStatus
 .text.XMC_SCU_INTERRUPT_ClearEventStatus
                0x08000bd8       0x1c ./Libraries/XMCLib/src/xmc4_scu.o
                0x08000bd8                XMC_SCU_INTERRUPT_ClearEventStatus
 .text.XMC_SCU_CLOCK_Init
                0x08000bf4       0xf8 ./Libraries/XMCLib/src/xmc4_scu.o
                0x08000bf4                XMC_SCU_CLOCK_Init
 .text.XMC_SCU_RESET_DeassertPeripheralReset
                0x08000cec       0x38 ./Libraries/XMCLib/src/xmc4_scu.o
                0x08000cec                XMC_SCU_RESET_DeassertPeripheralReset
 .text.XMC_SCU_RESET_IsPeripheralResetAsserted
                0x08000d24       0x48 ./Libraries/XMCLib/src/xmc4_scu.o
                0x08000d24                XMC_SCU_RESET_IsPeripheralResetAsserted
 .text.XMC_SCU_CLOCK_GetPeripheralClockFrequency
                0x08000d6c       0x20 ./Libraries/XMCLib/src/xmc4_scu.o
                0x08000d6c                XMC_SCU_CLOCK_GetPeripheralClockFrequency
 .text.XMC_SCU_CLOCK_SetSystemClockSource
                0x08000d8c       0x28 ./Libraries/XMCLib/src/xmc4_scu.o
                0x08000d8c                XMC_SCU_CLOCK_SetSystemClockSource
 .text.XMC_SCU_CLOCK_SetUsbClockSource
                0x08000db4       0x28 ./Libraries/XMCLib/src/xmc4_scu.o
                0x08000db4                XMC_SCU_CLOCK_SetUsbClockSource
 .text.XMC_SCU_CLOCK_SetWdtClockSource
                0x08000ddc       0x28 ./Libraries/XMCLib/src/xmc4_scu.o
                0x08000ddc                XMC_SCU_CLOCK_SetWdtClockSource
 .text.XMC_SCU_CLOCK_SetSystemPllClockSource
                0x08000e04       0x40 ./Libraries/XMCLib/src/xmc4_scu.o
                0x08000e04                XMC_SCU_CLOCK_SetSystemPllClockSource
 .text.XMC_SCU_HIB_SetRtcClockSource
                0x08000e44       0x3c ./Libraries/XMCLib/src/xmc4_scu.o
                0x08000e44                XMC_SCU_HIB_SetRtcClockSource
 .text.XMC_SCU_HIB_SetStandbyClockSource
                0x08000e80       0x3c ./Libraries/XMCLib/src/xmc4_scu.o
                0x08000e80                XMC_SCU_HIB_SetStandbyClockSource
 .text.XMC_SCU_CLOCK_SetSystemClockDivider
                0x08000ebc       0x28 ./Libraries/XMCLib/src/xmc4_scu.o
                0x08000ebc                XMC_SCU_CLOCK_SetSystemClockDivider
 .text.XMC_SCU_CLOCK_SetCcuClockDivider
                0x08000ee4       0x28 ./Libraries/XMCLib/src/xmc4_scu.o
                0x08000ee4                XMC_SCU_CLOCK_SetCcuClockDivider
 .text.XMC_SCU_CLOCK_SetCpuClockDivider
                0x08000f0c       0x28 ./Libraries/XMCLib/src/xmc4_scu.o
                0x08000f0c                XMC_SCU_CLOCK_SetCpuClockDivider
 .text.XMC_SCU_CLOCK_SetPeripheralClockDivider
                0x08000f34       0x28 ./Libraries/XMCLib/src/xmc4_scu.o
                0x08000f34                XMC_SCU_CLOCK_SetPeripheralClockDivider
 .text.XMC_SCU_CLOCK_SetUsbClockDivider
                0x08000f5c       0x28 ./Libraries/XMCLib/src/xmc4_scu.o
                0x08000f5c                XMC_SCU_CLOCK_SetUsbClockDivider
 .text.XMC_SCU_CLOCK_SetEbuClockDivider
                0x08000f84       0x28 ./Libraries/XMCLib/src/xmc4_scu.o
                0x08000f84                XMC_SCU_CLOCK_SetEbuClockDivider
 .text.XMC_SCU_CLOCK_SetWdtClockDivider
                0x08000fac       0x28 ./Libraries/XMCLib/src/xmc4_scu.o
                0x08000fac                XMC_SCU_CLOCK_SetWdtClockDivider
 .text.XMC_SCU_CLOCK_EnableUsbPll
                0x08000fd4       0x20 ./Libraries/XMCLib/src/xmc4_scu.o
                0x08000fd4                XMC_SCU_CLOCK_EnableUsbPll
 .text.XMC_SCU_CLOCK_StartUsbPll
                0x08000ff4       0xb4 ./Libraries/XMCLib/src/xmc4_scu.o
                0x08000ff4                XMC_SCU_CLOCK_StartUsbPll
 .text.XMC_SCU_CLOCK_SetBackupClockCalibrationMode
                0x080010a8       0x4c ./Libraries/XMCLib/src/xmc4_scu.o
                0x080010a8                XMC_SCU_CLOCK_SetBackupClockCalibrationMode
 .text.XMC_SCU_HIB_EnableHibernateDomain
                0x080010f4       0x58 ./Libraries/XMCLib/src/xmc4_scu.o
                0x080010f4                XMC_SCU_HIB_EnableHibernateDomain
 .text.XMC_SCU_CLOCK_IsLowPowerOscillatorStable
                0x0800114c       0x24 ./Libraries/XMCLib/src/xmc4_scu.o
                0x0800114c                XMC_SCU_CLOCK_IsLowPowerOscillatorStable
 .text.XMC_SCU_CLOCK_EnableLowPowerOscillator
                0x08001170       0x70 ./Libraries/XMCLib/src/xmc4_scu.o
                0x08001170                XMC_SCU_CLOCK_EnableLowPowerOscillator
 .text.XMC_SCU_CLOCK_EnableHighPerformanceOscillator
                0x080011e0       0x50 ./Libraries/XMCLib/src/xmc4_scu.o
                0x080011e0                XMC_SCU_CLOCK_EnableHighPerformanceOscillator
 .text.XMC_SCU_CLOCK_IsHighPerformanceOscillatorStable
                0x08001230       0x28 ./Libraries/XMCLib/src/xmc4_scu.o
                0x08001230                XMC_SCU_CLOCK_IsHighPerformanceOscillatorStable
 .text.XMC_SCU_CLOCK_EnableSystemPll
                0x08001258       0x20 ./Libraries/XMCLib/src/xmc4_scu.o
                0x08001258                XMC_SCU_CLOCK_EnableSystemPll
 .text.XMC_SCU_CLOCK_DisableSystemPll
                0x08001278       0x20 ./Libraries/XMCLib/src/xmc4_scu.o
                0x08001278                XMC_SCU_CLOCK_DisableSystemPll
 .text.XMC_SCU_CLOCK_StartSystemPll
                0x08001298      0x19c ./Libraries/XMCLib/src/xmc4_scu.o
                0x08001298                XMC_SCU_CLOCK_StartSystemPll
 .text.XMC_SCU_CLOCK_StepSystemPllFrequency
                0x08001434       0x3c ./Libraries/XMCLib/src/xmc4_scu.o
                0x08001434                XMC_SCU_CLOCK_StepSystemPllFrequency
 .text.XMC_GPIO_SetMode
                0x08001470       0x80 ./Libraries/XMCLib/src/xmc_gpio.o
                0x08001470                XMC_GPIO_SetMode
 .text.XMC_USIC_CH_GetTransmitBufferStatus
                0x080014f0       0x20 ./Libraries/XMCLib/src/xmc_i2c.o
 .text.XMC_I2C_CH_ClearStatusFlag
                0x08001510       0x20 ./Libraries/XMCLib/src/xmc_i2c.o
 .text.XMC_I2C_CH_InitEx
                0x08001530       0x60 ./Libraries/XMCLib/src/xmc_i2c.o
                0x08001530                XMC_I2C_CH_InitEx
 .text.XMC_I2C_CH_SetSlaveAddress
                0x08001590       0x54 ./Libraries/XMCLib/src/xmc_i2c.o
                0x08001590                XMC_I2C_CH_SetSlaveAddress
 .text.XMC_I2C_CH_SetBaudrateEx
                0x080015e4       0x9c ./Libraries/XMCLib/src/xmc_i2c.o
                0x080015e4                XMC_I2C_CH_SetBaudrateEx
 .text.XMC_I2C_CH_MasterStart
                0x08001680       0x68 ./Libraries/XMCLib/src/xmc_i2c.o
                0x08001680                XMC_I2C_CH_MasterStart
 .text.XMC_I2C_CH_MasterStop
                0x080016e8       0x4c ./Libraries/XMCLib/src/xmc_i2c.o
                0x080016e8                XMC_I2C_CH_MasterStop
 .text.XMC_I2C_CH_MasterTransmit
                0x08001734       0x4c ./Libraries/XMCLib/src/xmc_i2c.o
                0x08001734                XMC_I2C_CH_MasterTransmit
 .text.XMC_I2C_CH_MasterReceiveAck
                0x08001780       0x4c ./Libraries/XMCLib/src/xmc_i2c.o
                0x08001780                XMC_I2C_CH_MasterReceiveAck
 .text.XMC_I2C_CH_MasterReceiveNack
                0x080017cc       0x4c ./Libraries/XMCLib/src/xmc_i2c.o
                0x080017cc                XMC_I2C_CH_MasterReceiveNack
 .text.XMC_I2C_CH_GetReceivedData
                0x08001818       0x34 ./Libraries/XMCLib/src/xmc_i2c.o
                0x08001818                XMC_I2C_CH_GetReceivedData
 .text.XMC_I2C_CH_DisableEvent
                0x0800184c       0x3c ./Libraries/XMCLib/src/xmc_i2c.o
                0x0800184c                XMC_I2C_CH_DisableEvent
 .text.XMC_USIC_CH_Enable
                0x08001888       0x98 ./Libraries/XMCLib/src/xmc_usic.o
                0x08001888                XMC_USIC_CH_Enable
 .text.XMC_USIC_CH_SetBaudrate
                0x08001920       0xe4 ./Libraries/XMCLib/src/xmc_usic.o
                0x08001920                XMC_USIC_CH_SetBaudrate
 .text.XMC_USIC_CH_SetBaudrateEx
                0x08001a04      0x100 ./Libraries/XMCLib/src/xmc_usic.o
                0x08001a04                XMC_USIC_CH_SetBaudrateEx
 .text.XMC_USIC_CH_TXFIFO_Configure
                0x08001b04       0x50 ./Libraries/XMCLib/src/xmc_usic.o
                0x08001b04                XMC_USIC_CH_TXFIFO_Configure
 .text.XMC_USIC_CH_RXFIFO_Configure
                0x08001b54       0x54 ./Libraries/XMCLib/src/xmc_usic.o
                0x08001b54                XMC_USIC_CH_RXFIFO_Configure
 .text.XMC_USIC_CH_RXFIFO_SetSizeTriggerLimit
                0x08001ba8       0x30 ./Libraries/XMCLib/src/xmc_usic.o
                0x08001ba8                XMC_USIC_CH_RXFIFO_SetSizeTriggerLimit
 .text.XMC_USIC_CH_SetInterruptNodePointer
                0x08001bd8       0x38 ./Libraries/XMCLib/src/xmc_usic.o
                0x08001bd8                XMC_USIC_CH_SetInterruptNodePointer
 .text.XMC_USIC_CH_TXFIFO_SetInterruptNodePointer
                0x08001c10       0x3c ./Libraries/XMCLib/src/xmc_usic.o
                0x08001c10                XMC_USIC_CH_TXFIFO_SetInterruptNodePointer
 .text.XMC_USIC_CH_RXFIFO_SetInterruptNodePointer
                0x08001c4c       0x3c ./Libraries/XMCLib/src/xmc_usic.o
                0x08001c4c                XMC_USIC_CH_RXFIFO_SetInterruptNodePointer
 .text.XMC_USIC_Enable
                0x08001c88       0x80 ./Libraries/XMCLib/src/xmc_usic.o
                0x08001c88                XMC_USIC_Enable
 .text.XMC_VADC_GROUP_ExternalMuxControlInit
                0x08001d08       0x6c ./Libraries/XMCLib/src/xmc_vadc.o
 .text.XMC_VADC_GROUP_BackgroundEnableArbitrationSlot
                0x08001d74       0x24 ./Libraries/XMCLib/src/xmc_vadc.o
 .text.XMC_VADC_GROUP_BackgroundDisableArbitrationSlot
                0x08001d98       0x24 ./Libraries/XMCLib/src/xmc_vadc.o
 .text.XMC_VADC_GLOBAL_EnableModule
                0x08001dbc        0xc ./Libraries/XMCLib/src/xmc_vadc.o
                0x08001dbc                XMC_VADC_GLOBAL_EnableModule
 .text.XMC_VADC_GLOBAL_Init
                0x08001dc8       0x54 ./Libraries/XMCLib/src/xmc_vadc.o
                0x08001dc8                XMC_VADC_GLOBAL_Init
 .text.XMC_VADC_GLOBAL_InputClassInit
                0x08001e1c       0x48 ./Libraries/XMCLib/src/xmc_vadc.o
                0x08001e1c                XMC_VADC_GLOBAL_InputClassInit
 .text.XMC_VADC_GLOBAL_StartupCalibration
                0x08001e64       0x64 ./Libraries/XMCLib/src/xmc_vadc.o
                0x08001e64                XMC_VADC_GLOBAL_StartupCalibration
 .text.XMC_VADC_GLOBAL_BackgroundSetReqSrcEventInterruptNode
                0x08001ec8       0x48 ./Libraries/XMCLib/src/xmc_vadc.o
                0x08001ec8                XMC_VADC_GLOBAL_BackgroundSetReqSrcEventInterruptNode
 .text.XMC_VADC_GROUP_Init
                0x08001f10       0x68 ./Libraries/XMCLib/src/xmc_vadc.o
                0x08001f10                XMC_VADC_GROUP_Init
 .text.XMC_VADC_GROUP_InputClassInit
                0x08001f78       0xb8 ./Libraries/XMCLib/src/xmc_vadc.o
                0x08001f78                XMC_VADC_GROUP_InputClassInit
 .text.XMC_VADC_GROUP_SetPowerMode
                0x08002030       0x38 ./Libraries/XMCLib/src/xmc_vadc.o
                0x08002030                XMC_VADC_GROUP_SetPowerMode
 .text.XMC_VADC_GLOBAL_BackgroundInit
                0x08002068       0xfc ./Libraries/XMCLib/src/xmc_vadc.o
                0x08002068                XMC_VADC_GLOBAL_BackgroundInit
 .text.XMC_VADC_GROUP_ChannelInit
                0x08002164       0xc8 ./Libraries/XMCLib/src/xmc_vadc.o
                0x08002164                XMC_VADC_GROUP_ChannelInit
 .text._sbrk    0x0800222c       0x68 ./Libraries/Newlib/syscalls.o
                0x0800222c                _sbrk
 .text._init    0x08002294        0xc ./Libraries/Newlib/syscalls.o
                0x08002294                _init
 .text.__NVIC_ClearPendingIRQ
                0x080022a0       0x3c ./Dave/Generated/I2C_MASTER/i2c_master.o
 .text.XMC_USIC_CH_DisableEvent
                0x080022dc       0x24 ./Dave/Generated/I2C_MASTER/i2c_master.o
 .text.XMC_USIC_CH_GetTransmitBufferStatus
                0x08002300       0x20 ./Dave/Generated/I2C_MASTER/i2c_master.o
 .text.XMC_USIC_CH_TXFIFO_EnableEvent
                0x08002320       0x24 ./Dave/Generated/I2C_MASTER/i2c_master.o
 .text.XMC_USIC_CH_TXFIFO_DisableEvent
                0x08002344       0x28 ./Dave/Generated/I2C_MASTER/i2c_master.o
 .text.XMC_USIC_CH_TXFIFO_IsFull
                0x0800236c       0x28 ./Dave/Generated/I2C_MASTER/i2c_master.o
 .text.XMC_USIC_CH_TXFIFO_IsEmpty
                0x08002394       0x28 ./Dave/Generated/I2C_MASTER/i2c_master.o
 .text.XMC_USIC_CH_RXFIFO_DisableEvent
                0x080023bc       0x28 ./Dave/Generated/I2C_MASTER/i2c_master.o
 .text.XMC_USIC_CH_RXFIFO_IsEmpty
                0x080023e4       0x28 ./Dave/Generated/I2C_MASTER/i2c_master.o
 .text.XMC_I2C_CH_GetStatusFlag
                0x0800240c       0x18 ./Dave/Generated/I2C_MASTER/i2c_master.o
 .text.XMC_I2C_CH_ClearStatusFlag
                0x08002424       0x20 ./Dave/Generated/I2C_MASTER/i2c_master.o
 .text.I2C_MASTER_SetRXFIFOTriggerLimit
                0x08002444       0x24 ./Dave/Generated/I2C_MASTER/i2c_master.o
 .text.I2C_MASTER_IsTXFIFOFull
                0x08002468       0x1c ./Dave/Generated/I2C_MASTER/i2c_master.o
 .text.I2C_MASTER_IsRXFIFOEmpty
                0x08002484       0x1c ./Dave/Generated/I2C_MASTER/i2c_master.o
 .text.I2C_MASTER_GetReceivedByte
                0x080024a0       0x1c ./Dave/Generated/I2C_MASTER/i2c_master.o
 .text.I2C_MASTER_TransmitByte
                0x080024bc       0x20 ./Dave/Generated/I2C_MASTER/i2c_master.o
 .text.I2C_MASTER_DisableEvent
                0x080024dc       0x1c ./Dave/Generated/I2C_MASTER/i2c_master.o
 .text.I2C_MASTER_ReceiveACK
                0x080024f8       0x18 ./Dave/Generated/I2C_MASTER/i2c_master.o
 .text.I2C_MASTER_ReceiveNACK
                0x08002510       0x18 ./Dave/Generated/I2C_MASTER/i2c_master.o
 .text.I2C_MASTER_SendStop
                0x08002528       0x24 ./Dave/Generated/I2C_MASTER/i2c_master.o
 .text.calculate_minfifosize
                0x0800254c       0x2c ./Dave/Generated/I2C_MASTER/i2c_master.o
 .text.I2C_MASTER_Init
                0x08002578       0x2c ./Dave/Generated/I2C_MASTER/i2c_master.o
                0x08002578                I2C_MASTER_Init
 .text.I2C_MASTER_GetFlagStatus
                0x080025a4       0x24 ./Dave/Generated/I2C_MASTER/i2c_master.o
                0x080025a4                I2C_MASTER_GetFlagStatus
 .text.I2C_MASTER_ClearFlag
                0x080025c8       0x1c ./Dave/Generated/I2C_MASTER/i2c_master.o
                0x080025c8                I2C_MASTER_ClearFlag
 .text.I2C_MASTER_TransmitHandler
                0x080025e4      0x258 ./Dave/Generated/I2C_MASTER/i2c_master.o
                0x080025e4                I2C_MASTER_TransmitHandler
 .text.I2C_MASTER_lSendStop_JumpTo_TxCallback
                0x0800283c       0x60 ./Dave/Generated/I2C_MASTER/i2c_master.o
 .text.I2C_MASTER_ReceiveHandler
                0x0800289c      0x248 ./Dave/Generated/I2C_MASTER/i2c_master.o
                0x0800289c                I2C_MASTER_ReceiveHandler
 .text.I2C_MASTER_lSendStop_JumpTo_RxCallback
                0x08002ae4       0x70 ./Dave/Generated/I2C_MASTER/i2c_master.o
 .text.I2C_MASTER_ProtocolHandler
                0x08002b54       0x88 ./Dave/Generated/I2C_MASTER/i2c_master.o
                0x08002b54                I2C_MASTER_ProtocolHandler
 .text.I2C_MASTER_lReconfigureRxFIFO
                0x08002bdc       0x74 ./Dave/Generated/I2C_MASTER/i2c_master.o
 .text.__NVIC_GetPriorityGrouping
                0x08002c50       0x1c ./Dave/Generated/I2C_MASTER/i2c_master_conf.o
 .text.__NVIC_EnableIRQ
                0x08002c6c       0x38 ./Dave/Generated/I2C_MASTER/i2c_master_conf.o
 .text.__NVIC_SetPriority
                0x08002ca4       0x54 ./Dave/Generated/I2C_MASTER/i2c_master_conf.o
 .text.NVIC_EncodePriority
                0x08002cf8       0x64 ./Dave/Generated/I2C_MASTER/i2c_master_conf.o
 .text.XMC_USIC_CH_SetInputSource
                0x08002d5c       0x3c ./Dave/Generated/I2C_MASTER/i2c_master_conf.o
 .text.XMC_USIC_CH_TXFIFO_EnableEvent
                0x08002d98       0x24 ./Dave/Generated/I2C_MASTER/i2c_master_conf.o
 .text.XMC_USIC_CH_RXFIFO_EnableEvent
                0x08002dbc       0x24 ./Dave/Generated/I2C_MASTER/i2c_master_conf.o
 .text.XMC_USIC_CH_SetMode
                0x08002de0       0x28 ./Dave/Generated/I2C_MASTER/i2c_master_conf.o
 .text.XMC_I2C_CH_Init
                0x08002e08       0x1c ./Dave/Generated/I2C_MASTER/i2c_master_conf.o
 .text.XMC_I2C_CH_Start
                0x08002e24       0x18 ./Dave/Generated/I2C_MASTER/i2c_master_conf.o
 .text.I2C_MASTER_0_disable_io
                0x08002e3c       0x20 ./Dave/Generated/I2C_MASTER/i2c_master_conf.o
 .text.I2C_MASTER_0_enable_io
                0x08002e5c       0x24 ./Dave/Generated/I2C_MASTER/i2c_master_conf.o
 .text.I2C_MASTER_0_init
                0x08002e80       0xf0 ./Dave/Generated/I2C_MASTER/i2c_master_conf.o
                0x08002e80                I2C_MASTER_0_init
 .text.USIC1_1_IRQHandler
                0x08002f70       0x10 ./Dave/Generated/I2C_MASTER/i2c_master_conf.o
                0x08002f70                USIC1_1_IRQHandler
 .text.USIC1_0_IRQHandler
                0x08002f80       0x10 ./Dave/Generated/I2C_MASTER/i2c_master_conf.o
                0x08002f80                USIC1_0_IRQHandler
 .text.XMC_VADC_GLOBAL_DisablePostCalibration
                0x08002f90       0x2c ./Dave/Generated/GLOBAL_ADC/global_adc.o
 .text.GLOBAL_ADC_Init
                0x08002fbc       0xb0 ./Dave/Generated/GLOBAL_ADC/global_adc.o
                0x08002fbc                GLOBAL_ADC_Init
 .text.__NVIC_SetPriorityGrouping
                0x0800306c       0x48 ./Dave/Generated/CPU_CTRL_XMC4/cpu_ctrl_xmc4_conf.o
 .text.SystemCoreSetup
                0x080030b4       0xa0 ./Dave/Generated/CPU_CTRL_XMC4/cpu_ctrl_xmc4_conf.o
                0x080030b4                SystemCoreSetup
 .text.CLOCK_XMC4_Init
                0x08003154       0x20 ./Dave/Generated/CLOCK_XMC4/clock_xmc4.o
                0x08003154                CLOCK_XMC4_Init
 .text.OSCHP_GetFrequency
                0x08003174       0x14 ./Dave/Generated/CLOCK_XMC4/clock_xmc4.o
                0x08003174                OSCHP_GetFrequency
 .text.SystemCoreClockSetup
                0x08003188       0x58 ./Dave/Generated/CLOCK_XMC4/clock_xmc4_conf.o
                0x08003188                SystemCoreClockSetup
 .text.__NVIC_GetPriorityGrouping
                0x080031e0       0x1c ./Dave/Generated/ADC_MEASUREMENT/adc_measurement.o
 .text.__NVIC_EnableIRQ
                0x080031fc       0x38 ./Dave/Generated/ADC_MEASUREMENT/adc_measurement.o
 .text.__NVIC_SetPriority
                0x08003234       0x54 ./Dave/Generated/ADC_MEASUREMENT/adc_measurement.o
 .text.NVIC_EncodePriority
                0x08003288       0x64 ./Dave/Generated/ADC_MEASUREMENT/adc_measurement.o
 .text.XMC_VADC_GLOBAL_BackgroundTriggerConversion
                0x080032ec       0x24 ./Dave/Generated/ADC_MEASUREMENT/adc_measurement.o
 .text.XMC_VADC_GLOBAL_BackgroundAddChannelToSequence
                0x08003310       0x38 ./Dave/Generated/ADC_MEASUREMENT/adc_measurement.o
 .text.XMC_VADC_GROUP_ResultInit
                0x08003348       0x24 ./Dave/Generated/ADC_MEASUREMENT/adc_measurement.o
 .text.XMC_VADC_GROUP_GetResult
                0x0800336c       0x24 ./Dave/Generated/ADC_MEASUREMENT/adc_measurement.o
 .text.ADC_MEASUREMENT_Init
                0x08003390      0x150 ./Dave/Generated/ADC_MEASUREMENT/adc_measurement.o
                0x08003390                ADC_MEASUREMENT_Init
 .text.ADC_MEASUREMENT_StartConversion
                0x080034e0       0x1c ./Dave/Generated/ADC_MEASUREMENT/adc_measurement.o
                0x080034e0                ADC_MEASUREMENT_StartConversion
 .text.ADC_MEASUREMENT_GetResult
                0x080034fc       0x30 ./Dave/Generated/ADC_MEASUREMENT/adc_measurement.o
                0x080034fc                ADC_MEASUREMENT_GetResult
 .text.DAVE_Init
                0x0800352c       0x4c ./Dave/Generated/DAVE.o
                0x0800352c                DAVE_Init
 .text.__NVIC_SetPriority
                0x08003578       0x54 ./main.o
 .text.SysTick_Config
                0x080035cc       0x44 ./main.o
 .text.VADC0_C0_2_IRQHandler
                0x08003610       0x2c ./main.o
                0x08003610                VADC0_C0_2_IRQHandler
 .text.SysTick_Handler
                0x0800363c       0x1c ./main.o
                0x0800363c                SysTick_Handler
 .text.delay_ms
                0x08003658       0x30 ./main.o
                0x08003658                delay_ms
 .text.ssd1306_text
                0x08003688       0x34 ./main.o
                0x08003688                ssd1306_text
 .text.float2string
                0x080036bc       0xc8 ./main.o
                0x080036bc                float2string
 *fill*         0x08003784        0x4 
 .text.main     0x08003788       0xc0 ./main.o
                0x08003788                main
 .text.trunc    0x08003848       0x60 c:/infineon/tools/dave ide/4.5.0.202105191637/eclipse/arm-gcc-49/bin/../lib/gcc/arm-none-eabi/4.9.3/../../../../arm-none-eabi/lib/armv7e-m/softfp\libm.a(lib_a-s_trunc.o)
                0x08003848                trunc
 .text          0x080038a8      0x370 c:/infineon/tools/dave ide/4.5.0.202105191637/eclipse/arm-gcc-49/bin/../lib/gcc/arm-none-eabi/4.9.3/armv7e-m/softfp\libgcc.a(_arm_addsubdf3.o)
                0x080038a8                __aeabi_drsub
                0x080038b0                __aeabi_dsub
                0x080038b0                __subdf3
                0x080038b4                __aeabi_dadd
                0x080038b4                __adddf3
                0x08003b2c                __floatunsidf
                0x08003b2c                __aeabi_ui2d
                0x08003b4c                __floatsidf
                0x08003b4c                __aeabi_i2d
                0x08003b70                __aeabi_f2d
                0x08003b70                __extendsfdf2
                0x08003bac                __floatundidf
                0x08003bac                __aeabi_ul2d
                0x08003bbc                __floatdidf
                0x08003bbc                __aeabi_l2d
 .text          0x08003c18      0x424 c:/infineon/tools/dave ide/4.5.0.202105191637/eclipse/arm-gcc-49/bin/../lib/gcc/arm-none-eabi/4.9.3/armv7e-m/softfp\libgcc.a(_arm_muldivdf3.o)
                0x08003c18                __aeabi_dmul
                0x08003c18                __muldf3
                0x08003e6c                __divdf3
                0x08003e6c                __aeabi_ddiv
 .text          0x0800403c      0x110 c:/infineon/tools/dave ide/4.5.0.202105191637/eclipse/arm-gcc-49/bin/../lib/gcc/arm-none-eabi/4.9.3/armv7e-m/softfp\libgcc.a(_arm_cmpdf2.o)
                0x0800403c                __gtdf2
                0x0800403c                __gedf2
                0x08004044                __ltdf2
                0x08004044                __ledf2
                0x0800404c                __nedf2
                0x0800404c                __eqdf2
                0x0800404c                __cmpdf2
                0x080040c8                __aeabi_cdrcmple
                0x080040d8                __aeabi_cdcmpeq
                0x080040d8                __aeabi_cdcmple
                0x080040e8                __aeabi_dcmpeq
                0x080040fc                __aeabi_dcmplt
                0x08004110                __aeabi_dcmple
                0x08004124                __aeabi_dcmpge
                0x08004138                __aeabi_dcmpgt
 .text          0x0800414c       0x50 c:/infineon/tools/dave ide/4.5.0.202105191637/eclipse/arm-gcc-49/bin/../lib/gcc/arm-none-eabi/4.9.3/armv7e-m/softfp\libgcc.a(_arm_fixdfsi.o)
                0x0800414c                __aeabi_d2iz
                0x0800414c                __fixdfsi
 .text          0x0800419c       0xa0 c:/infineon/tools/dave ide/4.5.0.202105191637/eclipse/arm-gcc-49/bin/../lib/gcc/arm-none-eabi/4.9.3/armv7e-m/softfp\libgcc.a(_arm_truncdfsf2.o)
                0x0800419c                __truncdfsf2
                0x0800419c                __aeabi_d2f
 .text.__errno  0x0800423c        0xc c:/infineon/tools/dave ide/4.5.0.202105191637/eclipse/arm-gcc-49/bin/../lib/gcc/arm-none-eabi/4.9.3/../../../../arm-none-eabi/lib/armv7e-m/softfp\libg_nano.a(lib_a-errno.o)
                0x0800423c                __errno
 .text.__libc_init_array
                0x08004248       0x4c c:/infineon/tools/dave ide/4.5.0.202105191637/eclipse/arm-gcc-49/bin/../lib/gcc/arm-none-eabi/4.9.3/../../../../arm-none-eabi/lib/armv7e-m/softfp\libg_nano.a(lib_a-init.o)
                0x08004248                __libc_init_array
 .text.memcpy   0x08004294       0x16 c:/infineon/tools/dave ide/4.5.0.202105191637/eclipse/arm-gcc-49/bin/../lib/gcc/arm-none-eabi/4.9.3/../../../../arm-none-eabi/lib/armv7e-m/softfp\libg_nano.a(lib_a-memcpy.o)
                0x08004294                memcpy
 .text.memset   0x080042aa       0x10 c:/infineon/tools/dave ide/4.5.0.202105191637/eclipse/arm-gcc-49/bin/../lib/gcc/arm-none-eabi/4.9.3/../../../../arm-none-eabi/lib/armv7e-m/softfp\libg_nano.a(lib_a-memset.o)
                0x080042aa                memset
 .text.__cvt    0x080042ba       0xc0 c:/infineon/tools/dave ide/4.5.0.202105191637/eclipse/arm-gcc-49/bin/../lib/gcc/arm-none-eabi/4.9.3/../../../../arm-none-eabi/lib/armv7e-m/softfp\libg_nano.a(lib_a-nano-vfprintf_float.o)
                0x080042ba                __cvt
 .text.__exponent
                0x0800437a       0x60 c:/infineon/tools/dave ide/4.5.0.202105191637/eclipse/arm-gcc-49/bin/../lib/gcc/arm-none-eabi/4.9.3/../../../../arm-none-eabi/lib/armv7e-m/softfp\libg_nano.a(lib_a-nano-vfprintf_float.o)
                0x0800437a                __exponent
 *fill*         0x080043da        0x2 
 .text._printf_float
                0x080043dc      0x488 c:/infineon/tools/dave ide/4.5.0.202105191637/eclipse/arm-gcc-49/bin/../lib/gcc/arm-none-eabi/4.9.3/../../../../arm-none-eabi/lib/armv7e-m/softfp\libg_nano.a(lib_a-nano-vfprintf_float.o)
                0x080043dc                _printf_float
 .text._printf_common
                0x08004864       0xea c:/infineon/tools/dave ide/4.5.0.202105191637/eclipse/arm-gcc-49/bin/../lib/gcc/arm-none-eabi/4.9.3/../../../../arm-none-eabi/lib/armv7e-m/softfp\libg_nano.a(lib_a-nano-vfprintf_i.o)
                0x08004864                _printf_common
 *fill*         0x0800494e        0x2 
 .text._printf_i
                0x08004950      0x234 c:/infineon/tools/dave ide/4.5.0.202105191637/eclipse/arm-gcc-49/bin/../lib/gcc/arm-none-eabi/4.9.3/../../../../arm-none-eabi/lib/armv7e-m/softfp\libg_nano.a(lib_a-nano-vfprintf_i.o)
                0x08004950                _printf_i
 .text._scanf_float
                0x08004b84      0x3cc c:/infineon/tools/dave ide/4.5.0.202105191637/eclipse/arm-gcc-49/bin/../lib/gcc/arm-none-eabi/4.9.3/../../../../arm-none-eabi/lib/armv7e-m/softfp\libg_nano.a(lib_a-nano-vfscanf_float.o)
                0x08004b84                _scanf_float
 .text.__fpclassifyd
                0x08004f50       0x54 c:/infineon/tools/dave ide/4.5.0.202105191637/eclipse/arm-gcc-49/bin/../lib/gcc/arm-none-eabi/4.9.3/../../../../arm-none-eabi/lib/armv7e-m/softfp\libg_nano.a(lib_a-s_fpclassify.o)
                0x08004f50                __fpclassifyd
 .text.nanf     0x08004fa4        0x8 c:/infineon/tools/dave ide/4.5.0.202105191637/eclipse/arm-gcc-49/bin/../lib/gcc/arm-none-eabi/4.9.3/../../../../arm-none-eabi/lib/armv7e-m/softfp\libg_nano.a(lib_a-sf_nan.o)
                0x08004fa4                nanf
 .text.sprintf  0x08004fac       0x48 c:/infineon/tools/dave ide/4.5.0.202105191637/eclipse/arm-gcc-49/bin/../lib/gcc/arm-none-eabi/4.9.3/../../../../arm-none-eabi/lib/armv7e-m/softfp\libg_nano.a(lib_a-sprintf.o)
                0x08004fac                siprintf
                0x08004fac                sprintf
 .text.strlen   0x08004ff4       0x10 c:/infineon/tools/dave ide/4.5.0.202105191637/eclipse/arm-gcc-49/bin/../lib/gcc/arm-none-eabi/4.9.3/../../../../arm-none-eabi/lib/armv7e-m/softfp\libg_nano.a(lib_a-strlen.o)
                0x08004ff4                strlen
 .text.match    0x08005004       0x26 c:/infineon/tools/dave ide/4.5.0.202105191637/eclipse/arm-gcc-49/bin/../lib/gcc/arm-none-eabi/4.9.3/../../../../arm-none-eabi/lib/armv7e-m/softfp\libg_nano.a(lib_a-strtod.o)
 .text.sulp     0x0800502a       0x42 c:/infineon/tools/dave ide/4.5.0.202105191637/eclipse/arm-gcc-49/bin/../lib/gcc/arm-none-eabi/4.9.3/../../../../arm-none-eabi/lib/armv7e-m/softfp\libg_nano.a(lib_a-strtod.o)
 *fill*         0x0800506c        0x4 
 .text._strtod_r
                0x08005070      0xc28 c:/infineon/tools/dave ide/4.5.0.202105191637/eclipse/arm-gcc-49/bin/../lib/gcc/arm-none-eabi/4.9.3/../../../../arm-none-eabi/lib/armv7e-m/softfp\libg_nano.a(lib_a-strtod.o)
                0x08005070                _strtod_r
 .text._strtol_r
                0x08005c98      0x10c c:/infineon/tools/dave ide/4.5.0.202105191637/eclipse/arm-gcc-49/bin/../lib/gcc/arm-none-eabi/4.9.3/../../../../arm-none-eabi/lib/armv7e-m/softfp\libg_nano.a(lib_a-strtol.o)
                0x08005c98                _strtol_r
 .text.quorem   0x08005da4      0x11a c:/infineon/tools/dave ide/4.5.0.202105191637/eclipse/arm-gcc-49/bin/../lib/gcc/arm-none-eabi/4.9.3/../../../../arm-none-eabi/lib/armv7e-m/softfp\libg_nano.a(lib_a-dtoa.o)
 *fill*         0x08005ebe        0x2 
 .text._dtoa_r  0x08005ec0      0xb88 c:/infineon/tools/dave ide/4.5.0.202105191637/eclipse/arm-gcc-49/bin/../lib/gcc/arm-none-eabi/4.9.3/../../../../arm-none-eabi/lib/armv7e-m/softfp\libg_nano.a(lib_a-dtoa.o)
                0x08005ec0                _dtoa_r
 .text.rshift   0x08006a48       0x6c c:/infineon/tools/dave ide/4.5.0.202105191637/eclipse/arm-gcc-49/bin/../lib/gcc/arm-none-eabi/4.9.3/../../../../arm-none-eabi/lib/armv7e-m/softfp\libg_nano.a(lib_a-gdtoa-gethex.o)
 .text.__hexdig_fun
                0x08006ab4       0x2a c:/infineon/tools/dave ide/4.5.0.202105191637/eclipse/arm-gcc-49/bin/../lib/gcc/arm-none-eabi/4.9.3/../../../../arm-none-eabi/lib/armv7e-m/softfp\libg_nano.a(lib_a-gdtoa-gethex.o)
                0x08006ab4                __hexdig_fun
 .text.__gethex
                0x08006ade      0x44a c:/infineon/tools/dave ide/4.5.0.202105191637/eclipse/arm-gcc-49/bin/../lib/gcc/arm-none-eabi/4.9.3/../../../../arm-none-eabi/lib/armv7e-m/softfp\libg_nano.a(lib_a-gdtoa-gethex.o)
                0x08006ade                __gethex
 .text.L_shift  0x08006f28       0x24 c:/infineon/tools/dave ide/4.5.0.202105191637/eclipse/arm-gcc-49/bin/../lib/gcc/arm-none-eabi/4.9.3/../../../../arm-none-eabi/lib/armv7e-m/softfp\libg_nano.a(lib_a-gdtoa-hexnan.o)
 .text.__hexnan
                0x08006f4c      0x114 c:/infineon/tools/dave ide/4.5.0.202105191637/eclipse/arm-gcc-49/bin/../lib/gcc/arm-none-eabi/4.9.3/../../../../arm-none-eabi/lib/armv7e-m/softfp\libg_nano.a(lib_a-gdtoa-hexnan.o)
                0x08006f4c                __hexnan
 .text._localeconv_r
                0x08007060        0x8 c:/infineon/tools/dave ide/4.5.0.202105191637/eclipse/arm-gcc-49/bin/../lib/gcc/arm-none-eabi/4.9.3/../../../../arm-none-eabi/lib/armv7e-m/softfp\libg_nano.a(lib_a-locale.o)
                0x08007060                _localeconv_r
 .text.malloc   0x08007068       0x10 c:/infineon/tools/dave ide/4.5.0.202105191637/eclipse/arm-gcc-49/bin/../lib/gcc/arm-none-eabi/4.9.3/../../../../arm-none-eabi/lib/armv7e-m/softfp\libg_nano.a(lib_a-malloc.o)
                0x08007068                malloc
 .text.memchr   0x08007078       0x1e c:/infineon/tools/dave ide/4.5.0.202105191637/eclipse/arm-gcc-49/bin/../lib/gcc/arm-none-eabi/4.9.3/../../../../arm-none-eabi/lib/armv7e-m/softfp\libg_nano.a(lib_a-memchr.o)
                0x08007078                memchr
 .text._Balloc  0x08007096       0x6a c:/infineon/tools/dave ide/4.5.0.202105191637/eclipse/arm-gcc-49/bin/../lib/gcc/arm-none-eabi/4.9.3/../../../../arm-none-eabi/lib/armv7e-m/softfp\libg_nano.a(lib_a-mprec.o)
                0x08007096                _Balloc
 .text._Bfree   0x08007100       0x2e c:/infineon/tools/dave ide/4.5.0.202105191637/eclipse/arm-gcc-49/bin/../lib/gcc/arm-none-eabi/4.9.3/../../../../arm-none-eabi/lib/armv7e-m/softfp\libg_nano.a(lib_a-mprec.o)
                0x08007100                _Bfree
 .text.__multadd
                0x0800712e       0x7c c:/infineon/tools/dave ide/4.5.0.202105191637/eclipse/arm-gcc-49/bin/../lib/gcc/arm-none-eabi/4.9.3/../../../../arm-none-eabi/lib/armv7e-m/softfp\libg_nano.a(lib_a-mprec.o)
                0x0800712e                __multadd
 .text.__s2b    0x080071aa       0x80 c:/infineon/tools/dave ide/4.5.0.202105191637/eclipse/arm-gcc-49/bin/../lib/gcc/arm-none-eabi/4.9.3/../../../../arm-none-eabi/lib/armv7e-m/softfp\libg_nano.a(lib_a-mprec.o)
                0x080071aa                __s2b
 .text.__hi0bits
                0x0800722a       0x40 c:/infineon/tools/dave ide/4.5.0.202105191637/eclipse/arm-gcc-49/bin/../lib/gcc/arm-none-eabi/4.9.3/../../../../arm-none-eabi/lib/armv7e-m/softfp\libg_nano.a(lib_a-mprec.o)
                0x0800722a                __hi0bits
 .text.__lo0bits
                0x0800726a       0x5a c:/infineon/tools/dave ide/4.5.0.202105191637/eclipse/arm-gcc-49/bin/../lib/gcc/arm-none-eabi/4.9.3/../../../../arm-none-eabi/lib/armv7e-m/softfp\libg_nano.a(lib_a-mprec.o)
                0x0800726a                __lo0bits
 .text.__i2b    0x080072c4       0x12 c:/infineon/tools/dave ide/4.5.0.202105191637/eclipse/arm-gcc-49/bin/../lib/gcc/arm-none-eabi/4.9.3/../../../../arm-none-eabi/lib/armv7e-m/softfp\libg_nano.a(lib_a-mprec.o)
                0x080072c4                __i2b
 .text.__multiply
                0x080072d6      0x122 c:/infineon/tools/dave ide/4.5.0.202105191637/eclipse/arm-gcc-49/bin/../lib/gcc/arm-none-eabi/4.9.3/../../../../arm-none-eabi/lib/armv7e-m/softfp\libg_nano.a(lib_a-mprec.o)
                0x080072d6                __multiply
 .text.__pow5mult
                0x080073f8       0x9c c:/infineon/tools/dave ide/4.5.0.202105191637/eclipse/arm-gcc-49/bin/../lib/gcc/arm-none-eabi/4.9.3/../../../../arm-none-eabi/lib/armv7e-m/softfp\libg_nano.a(lib_a-mprec.o)
                0x080073f8                __pow5mult
 .text.__lshift
                0x08007494       0xa6 c:/infineon/tools/dave ide/4.5.0.202105191637/eclipse/arm-gcc-49/bin/../lib/gcc/arm-none-eabi/4.9.3/../../../../arm-none-eabi/lib/armv7e-m/softfp\libg_nano.a(lib_a-mprec.o)
                0x08007494                __lshift
 .text.__mcmp   0x0800753a       0x38 c:/infineon/tools/dave ide/4.5.0.202105191637/eclipse/arm-gcc-49/bin/../lib/gcc/arm-none-eabi/4.9.3/../../../../arm-none-eabi/lib/armv7e-m/softfp\libg_nano.a(lib_a-mprec.o)
                0x0800753a                __mcmp
 .text.__mdiff  0x08007572       0xbe c:/infineon/tools/dave ide/4.5.0.202105191637/eclipse/arm-gcc-49/bin/../lib/gcc/arm-none-eabi/4.9.3/../../../../arm-none-eabi/lib/armv7e-m/softfp\libg_nano.a(lib_a-mprec.o)
                0x08007572                __mdiff
 .text.__ulp    0x08007630       0x48 c:/infineon/tools/dave ide/4.5.0.202105191637/eclipse/arm-gcc-49/bin/../lib/gcc/arm-none-eabi/4.9.3/../../../../arm-none-eabi/lib/armv7e-m/softfp\libg_nano.a(lib_a-mprec.o)
                0x08007630                __ulp
 .text.__b2d    0x08007678       0x9e c:/infineon/tools/dave ide/4.5.0.202105191637/eclipse/arm-gcc-49/bin/../lib/gcc/arm-none-eabi/4.9.3/../../../../arm-none-eabi/lib/armv7e-m/softfp\libg_nano.a(lib_a-mprec.o)
                0x08007678                __b2d
 .text.__d2b    0x08007716       0xa4 c:/infineon/tools/dave ide/4.5.0.202105191637/eclipse/arm-gcc-49/bin/../lib/gcc/arm-none-eabi/4.9.3/../../../../arm-none-eabi/lib/armv7e-m/softfp\libg_nano.a(lib_a-mprec.o)
                0x08007716                __d2b
 .text.__ratio  0x080077ba       0x52 c:/infineon/tools/dave ide/4.5.0.202105191637/eclipse/arm-gcc-49/bin/../lib/gcc/arm-none-eabi/4.9.3/../../../../arm-none-eabi/lib/armv7e-m/softfp\libg_nano.a(lib_a-mprec.o)
                0x080077ba                __ratio
 .text.__copybits
                0x0800780c       0x34 c:/infineon/tools/dave ide/4.5.0.202105191637/eclipse/arm-gcc-49/bin/../lib/gcc/arm-none-eabi/4.9.3/../../../../arm-none-eabi/lib/armv7e-m/softfp\libg_nano.a(lib_a-mprec.o)
                0x0800780c                __copybits
 .text.__any_on
                0x08007840       0x44 c:/infineon/tools/dave ide/4.5.0.202105191637/eclipse/arm-gcc-49/bin/../lib/gcc/arm-none-eabi/4.9.3/../../../../arm-none-eabi/lib/armv7e-m/softfp\libg_nano.a(lib_a-mprec.o)
                0x08007840                __any_on
 .text._calloc_r
                0x08007884       0x1c c:/infineon/tools/dave ide/4.5.0.202105191637/eclipse/arm-gcc-49/bin/../lib/gcc/arm-none-eabi/4.9.3/../../../../arm-none-eabi/lib/armv7e-m/softfp\libg_nano.a(lib_a-nano-callocr.o)
                0x08007884                _calloc_r
 .text._free_r  0x080078a0       0x88 c:/infineon/tools/dave ide/4.5.0.202105191637/eclipse/arm-gcc-49/bin/../lib/gcc/arm-none-eabi/4.9.3/../../../../arm-none-eabi/lib/armv7e-m/softfp\libg_nano.a(lib_a-nano-freer.o)
                0x080078a0                _free_r
 .text._malloc_r
                0x08007928       0xac c:/infineon/tools/dave ide/4.5.0.202105191637/eclipse/arm-gcc-49/bin/../lib/gcc/arm-none-eabi/4.9.3/../../../../arm-none-eabi/lib/armv7e-m/softfp\libg_nano.a(lib_a-nano-mallocr.o)
                0x08007928                _malloc_r
 .text.__ssputs_r
                0x080079d4       0xb2 c:/infineon/tools/dave ide/4.5.0.202105191637/eclipse/arm-gcc-49/bin/../lib/gcc/arm-none-eabi/4.9.3/../../../../arm-none-eabi/lib/armv7e-m/softfp\libg_nano.a(lib_a-nano-svfprintf.o)
                0x080079d4                __ssputs_r
 *fill*         0x08007a86        0x2 
 .text._svfprintf_r
                0x08007a88      0x1e4 c:/infineon/tools/dave ide/4.5.0.202105191637/eclipse/arm-gcc-49/bin/../lib/gcc/arm-none-eabi/4.9.3/../../../../arm-none-eabi/lib/armv7e-m/softfp\libg_nano.a(lib_a-nano-svfprintf.o)
                0x08007a88                _svfiprintf_r
                0x08007a88                _svfprintf_r
 .text._sbrk_r  0x08007c6c       0x20 c:/infineon/tools/dave ide/4.5.0.202105191637/eclipse/arm-gcc-49/bin/../lib/gcc/arm-none-eabi/4.9.3/../../../../arm-none-eabi/lib/armv7e-m/softfp\libg_nano.a(lib_a-sbrkr.o)
                0x08007c6c                _sbrk_r
 .text.strncmp  0x08007c8c       0x34 c:/infineon/tools/dave ide/4.5.0.202105191637/eclipse/arm-gcc-49/bin/../lib/gcc/arm-none-eabi/4.9.3/../../../../arm-none-eabi/lib/armv7e-m/softfp\libg_nano.a(lib_a-strncmp.o)
                0x08007c8c                strncmp
 .text.memmove  0x08007cc0       0x36 c:/infineon/tools/dave ide/4.5.0.202105191637/eclipse/arm-gcc-49/bin/../lib/gcc/arm-none-eabi/4.9.3/../../../../arm-none-eabi/lib/armv7e-m/softfp\libg_nano.a(lib_a-memmove.o)
                0x08007cc0                memmove
 .text._realloc_r
                0x08007cf6       0x4c c:/infineon/tools/dave ide/4.5.0.202105191637/eclipse/arm-gcc-49/bin/../lib/gcc/arm-none-eabi/4.9.3/../../../../arm-none-eabi/lib/armv7e-m/softfp\libg_nano.a(lib_a-nano-reallocr.o)
                0x08007cf6                _realloc_r
 .text._malloc_usable_size_r
                0x08007d42       0x14 c:/infineon/tools/dave ide/4.5.0.202105191637/eclipse/arm-gcc-49/bin/../lib/gcc/arm-none-eabi/4.9.3/../../../../arm-none-eabi/lib/armv7e-m/softfp\libg_nano.a(lib_a-nano-msizer.o)
                0x08007d42                _malloc_usable_size_r
 *fill*         0x08007d56        0x2 
 .text          0x08007d58       0x40 c:/infineon/tools/dave ide/4.5.0.202105191637/eclipse/arm-gcc-49/bin/../lib/gcc/arm-none-eabi/4.9.3/armv7e-m/softfp\libgcc.a(_arm_fixunsdfsi.o)
                0x08007d58                __aeabi_d2uiz
                0x08007d58                __fixunsdfsi
 *(.init)
 *(.fini)
 *crtbegin.o(.ctors)
 *crtbegin?.o(.ctors)
 *(EXCLUDE_FILE(*crtend.o *crtend?.o) .ctors)
 *(SORT(.ctors.*))
 *(.ctors)
 *crtbegin.o(.dtors)
 *crtbegin?.o(.dtors)
 *(EXCLUDE_FILE(*crtend.o *crtend?.o) .dtors)
 *(SORT(.dtors.*))
 *(.dtors)
 *(.rodata .rodata.*)
 .rodata.Font6x8
                0x08007d98      0x5f0 ./SSD1306/ssd1306_fonts.o
 .rodata.g_xmc_vadc_group_array
                0x08008388       0x10 ./Libraries/XMCLib/src/xmc_vadc.o
 .rodata.I2C_MASTER_0_sda_pin_config
                0x08008398        0xc ./Dave/Generated/I2C_MASTER/i2c_master_conf.o
 .rodata.I2C_MASTER_0_scl_pin_config
                0x080083a4        0xc ./Dave/Generated/I2C_MASTER/i2c_master_conf.o
 .rodata.I2C_MASTER_0_channel_config
                0x080083b0        0x8 ./Dave/Generated/I2C_MASTER/i2c_master_conf.o
                0x080083b0                I2C_MASTER_0_channel_config
 .rodata.I2C_MASTER_0_config
                0x080083b8       0x2c ./Dave/Generated/I2C_MASTER/i2c_master_conf.o
                0x080083b8                I2C_MASTER_0_config
 .rodata.group_init_handle0
                0x080083e4       0x14 ./Dave/Generated/GLOBAL_ADC/global_adc_conf.o
                0x080083e4                group_init_handle0
 .rodata.group_init_handle1
                0x080083f8       0x14 ./Dave/Generated/GLOBAL_ADC/global_adc_conf.o
                0x080083f8                group_init_handle1
 .rodata.group_init_handle2
                0x0800840c       0x14 ./Dave/Generated/GLOBAL_ADC/global_adc_conf.o
                0x0800840c                group_init_handle2
 .rodata.group_init_handle3
                0x08008420       0x14 ./Dave/Generated/GLOBAL_ADC/global_adc_conf.o
                0x08008420                group_init_handle3
 .rodata.global_config
                0x08008434       0x18 ./Dave/Generated/GLOBAL_ADC/global_adc_conf.o
                0x08008434                global_config
 .rodata        0x0800844c       0x14 ./Dave/Generated/CLOCK_XMC4/clock_xmc4_conf.o
 .rodata.global_iclass_config
                0x08008460        0x4 ./Dave/Generated/ADC_MEASUREMENT/adc_measurement_conf.o
                0x08008460                global_iclass_config
 .rodata.backgnd_rs_intr_handle
                0x08008464        0xc ./Dave/Generated/ADC_MEASUREMENT/adc_measurement_conf.o
                0x08008464                backgnd_rs_intr_handle
 .rodata.backgnd_config
                0x08008470        0xc ./Dave/Generated/ADC_MEASUREMENT/adc_measurement_conf.o
                0x08008470                backgnd_config
 .rodata        0x0800847c       0x24 ./main.o
 .rodata.str1.1
                0x080084a0        0x2 c:/infineon/tools/dave ide/4.5.0.202105191637/eclipse/arm-gcc-49/bin/../lib/gcc/arm-none-eabi/4.9.3/../../../../arm-none-eabi/lib/armv7e-m/softfp\libg_nano.a(lib_a-impure.o)
 .rodata.str1.1
                0x080084a2       0x12 c:/infineon/tools/dave ide/4.5.0.202105191637/eclipse/arm-gcc-49/bin/../lib/gcc/arm-none-eabi/4.9.3/../../../../arm-none-eabi/lib/armv7e-m/softfp\libg_nano.a(lib_a-nano-vfprintf_float.o)
 .rodata.str1.1
                0x080084b4       0x22 c:/infineon/tools/dave ide/4.5.0.202105191637/eclipse/arm-gcc-49/bin/../lib/gcc/arm-none-eabi/4.9.3/../../../../arm-none-eabi/lib/armv7e-m/softfp\libg_nano.a(lib_a-nano-vfprintf_i.o)
 .rodata.str1.1
                0x080084d6        0x5 c:/infineon/tools/dave ide/4.5.0.202105191637/eclipse/arm-gcc-49/bin/../lib/gcc/arm-none-eabi/4.9.3/../../../../arm-none-eabi/lib/armv7e-m/softfp\libg_nano.a(lib_a-nano-vfscanf_float.o)
 *fill*         0x080084db        0x1 
 .rodata.fpi.5242
                0x080084dc       0x14 c:/infineon/tools/dave ide/4.5.0.202105191637/eclipse/arm-gcc-49/bin/../lib/gcc/arm-none-eabi/4.9.3/../../../../arm-none-eabi/lib/armv7e-m/softfp\libg_nano.a(lib_a-strtod.o)
 .rodata.str1.1
                0x00000000        0x5 c:/infineon/tools/dave ide/4.5.0.202105191637/eclipse/arm-gcc-49/bin/../lib/gcc/arm-none-eabi/4.9.3/../../../../arm-none-eabi/lib/armv7e-m/softfp\libg_nano.a(lib_a-strtod.o)
                                  0xc (size before relaxing)
 .rodata.tinytens
                0x080084f0       0x28 c:/infineon/tools/dave ide/4.5.0.202105191637/eclipse/arm-gcc-49/bin/../lib/gcc/arm-none-eabi/4.9.3/../../../../arm-none-eabi/lib/armv7e-m/softfp\libg_nano.a(lib_a-strtod.o)
 .rodata.fpinan.5278
                0x08008518       0x14 c:/infineon/tools/dave ide/4.5.0.202105191637/eclipse/arm-gcc-49/bin/../lib/gcc/arm-none-eabi/4.9.3/../../../../arm-none-eabi/lib/armv7e-m/softfp\libg_nano.a(lib_a-strtod.o)
 .rodata._ctype_
                0x0800852c      0x101 c:/infineon/tools/dave ide/4.5.0.202105191637/eclipse/arm-gcc-49/bin/../lib/gcc/arm-none-eabi/4.9.3/../../../../arm-none-eabi/lib/armv7e-m/softfp\libg_nano.a(lib_a-ctype_.o)
                0x0800852c                _ctype_
 .rodata.str1.1
                0x0800862d        0xd c:/infineon/tools/dave ide/4.5.0.202105191637/eclipse/arm-gcc-49/bin/../lib/gcc/arm-none-eabi/4.9.3/../../../../arm-none-eabi/lib/armv7e-m/softfp\libg_nano.a(lib_a-dtoa.o)
                                  0xf (size before relaxing)
 .rodata.str1.1
                0x0800863a        0x8 c:/infineon/tools/dave ide/4.5.0.202105191637/eclipse/arm-gcc-49/bin/../lib/gcc/arm-none-eabi/4.9.3/../../../../arm-none-eabi/lib/armv7e-m/softfp\libg_nano.a(lib_a-locale.o)
                                  0xb (size before relaxing)
 *fill*         0x08008642        0x6 
 .rodata.__mprec_tens
                0x08008648       0xc8 c:/infineon/tools/dave ide/4.5.0.202105191637/eclipse/arm-gcc-49/bin/../lib/gcc/arm-none-eabi/4.9.3/../../../../arm-none-eabi/lib/armv7e-m/softfp\libg_nano.a(lib_a-mprec.o)
                0x08008648                __mprec_tens
 .rodata.__mprec_bigtens
                0x08008710       0x28 c:/infineon/tools/dave ide/4.5.0.202105191637/eclipse/arm-gcc-49/bin/../lib/gcc/arm-none-eabi/4.9.3/../../../../arm-none-eabi/lib/armv7e-m/softfp\libg_nano.a(lib_a-mprec.o)
                0x08008710                __mprec_bigtens
 .rodata.p05.5277
                0x08008738        0xc c:/infineon/tools/dave ide/4.5.0.202105191637/eclipse/arm-gcc-49/bin/../lib/gcc/arm-none-eabi/4.9.3/../../../../arm-none-eabi/lib/armv7e-m/softfp\libg_nano.a(lib_a-mprec.o)
 .rodata.str1.1
                0x08008744       0x11 c:/infineon/tools/dave ide/4.5.0.202105191637/eclipse/arm-gcc-49/bin/../lib/gcc/arm-none-eabi/4.9.3/../../../../arm-none-eabi/lib/armv7e-m/softfp\libg_nano.a(lib_a-nano-svfprintf.o)
 *(.gnu.linkonce.r*)
 *(vtable)
                0x08008758                . = ALIGN (0x4)
 *fill*         0x08008755        0x3 

.glue_7         0x08008758        0x0 load address 0x0c008758
 .glue_7        0x00000000        0x0 linker stubs

.glue_7t        0x08008758        0x0 load address 0x0c008758
 .glue_7t       0x00000000        0x0 linker stubs

.vfp11_veneer   0x08008758        0x0 load address 0x0c008758
 .vfp11_veneer  0x00000000        0x0 linker stubs

.v4_bx          0x08008758        0x0 load address 0x0c008758
 .v4_bx         0x00000000        0x0 linker stubs

.iplt           0x08008758        0x0 load address 0x0c008758
 .iplt          0x00000000        0x0 ./Startup/startup_XMC4500.o

.eh_frame_hdr
 *(.eh_frame_hdr)

.eh_frame       0x08008758        0x0 load address 0x0c008758
 *(.eh_frame)
 .eh_frame      0x08008758        0x0 c:/infineon/tools/dave ide/4.5.0.202105191637/eclipse/arm-gcc-49/bin/../lib/gcc/arm-none-eabi/4.9.3/../../../../arm-none-eabi/lib/armv7e-m/softfp\libg_nano.a(lib_a-strcmp.o)
                                 0x28 (size before relaxing)

.rel.dyn        0x08008758        0x0 load address 0x0c008758
 .rel.iplt      0x00000000        0x0 ./Startup/startup_XMC4500.o

.ARM.extab
 *(.ARM.extab* .gnu.linkonce.armextab.*)
                0x08008758                . = ALIGN (0x4)
                0x08008758                __exidx_start = .

.ARM.exidx
 *(.ARM.exidx* .gnu.linkonce.armexidx.*)
                0x08008758                __exidx_end = .
                0x08008758                . = ALIGN (0x4)

Stack           0x10000000      0x800
                0x10000000                __stack_start = .
                0x10000800                . = (. + stack_size)
 *fill*         0x10000000      0x800 
                0x10000800                __stack_end = .
                0x10000800                __initial_sp = .

.ram_code       0x10000800        0x0 load address 0x0c008758
                0x10000800                . = ALIGN (0x4)
                0x10000800                __ram_code_start = .
 *(.ram_code)
                0x10000800                . = ALIGN (0x4)
                0x10000800                __ram_code_end = .
                0x0c008758                __ram_code_load = LOADADDR (.ram_code)
                0x00000000                __ram_code_size = (__ram_code_end - __ram_code_start)

PSRAM_DATA      0x10000800        0x0 load address 0x0c008758
                0x10000800                . = ALIGN (0x4)
                0x10000800                __data3_start = .
 *(PSRAM_DATA)
                0x10000800                . = ALIGN (0x4)
                0x10000800                __data3_end = .
                0x0c008758                __data3_load = LOADADDR (PSRAM_DATA)
                0x00000000                __data3_size = (__data3_end - __data3_start)

PSRAM_BSS       0x10000800        0x0 load address 0x0c008758
                0x10000800                . = ALIGN (0x4)
                0x10000800                __bss3_start = .
 *(PSRAM_BSS)
                0x10000800                . = ALIGN (0x4)
                0x10000800                __bss3_end = .
                0x10000800                . = ALIGN (0x8)
                0x10000800                Heap_Bank3_Start = .
                0x00000000                __bss3_size = (__bss3_end - __bss3_start)

.data           0x20000000      0x168 load address 0x0c008758
                0x20000000                . = ALIGN (0x4)
                0x20000000                __data_start = .
 *(.data)
 *(.data*)
 .data.Font_6x8
                0x20000000        0x8 ./SSD1306/ssd1306_fonts.o
                0x20000000                Font_6x8
 .data.I2C_MASTER_0_runtime
                0x20000008       0x2c ./Dave/Generated/I2C_MASTER/i2c_master_conf.o
                0x20000008                I2C_MASTER_0_runtime
 .data.I2C_MASTER_0
                0x20000034        0xc ./Dave/Generated/I2C_MASTER/i2c_master_conf.o
                0x20000034                I2C_MASTER_0
 .data.group_0_config
                0x20000040        0xc ./Dave/Generated/GLOBAL_ADC/global_adc_conf.o
                0x20000040                group_0_config
 .data.group_1_config
                0x2000004c        0xc ./Dave/Generated/GLOBAL_ADC/global_adc_conf.o
                0x2000004c                group_1_config
 .data.group_2_config
                0x20000058        0xc ./Dave/Generated/GLOBAL_ADC/global_adc_conf.o
                0x20000058                group_2_config
 .data.group_3_config
                0x20000064        0xc ./Dave/Generated/GLOBAL_ADC/global_adc_conf.o
                0x20000064                group_3_config
 .data.GLOBAL_ADC_0
                0x20000070       0x1c ./Dave/Generated/GLOBAL_ADC/global_adc_conf.o
                0x20000070                GLOBAL_ADC_0
 .data.Channel_A_ch_config
                0x2000008c        0xc ./Dave/Generated/ADC_MEASUREMENT/adc_measurement_conf.o
                0x2000008c                Channel_A_ch_config
 .data.ADC_MEASUREMENT_Channel_A_handle
                0x20000098       0x10 ./Dave/Generated/ADC_MEASUREMENT/adc_measurement_conf.o
                0x20000098                ADC_MEASUREMENT_Channel_A_handle
 .data.ADC_MEASUREMENT_channel_array
                0x200000a8        0x4 ./Dave/Generated/ADC_MEASUREMENT/adc_measurement_conf.o
                0x200000a8                ADC_MEASUREMENT_channel_array
 .data.ADC_MEASUREMENT_0
                0x200000ac       0x1c ./Dave/Generated/ADC_MEASUREMENT/adc_measurement_conf.o
                0x200000ac                ADC_MEASUREMENT_0
 .data.impure_data
                0x200000c8       0x60 c:/infineon/tools/dave ide/4.5.0.202105191637/eclipse/arm-gcc-49/bin/../lib/gcc/arm-none-eabi/4.9.3/../../../../arm-none-eabi/lib/armv7e-m/softfp\libg_nano.a(lib_a-impure.o)
 .data._impure_ptr
                0x20000128        0x4 c:/infineon/tools/dave ide/4.5.0.202105191637/eclipse/arm-gcc-49/bin/../lib/gcc/arm-none-eabi/4.9.3/../../../../arm-none-eabi/lib/armv7e-m/softfp\libg_nano.a(lib_a-impure.o)
                0x20000128                _impure_ptr
 .data.__ctype_ptr__
                0x2000012c        0x4 c:/infineon/tools/dave ide/4.5.0.202105191637/eclipse/arm-gcc-49/bin/../lib/gcc/arm-none-eabi/4.9.3/../../../../arm-none-eabi/lib/armv7e-m/softfp\libg_nano.a(lib_a-ctype_.o)
                0x2000012c                __ctype_ptr__
 .data.lconv    0x20000130       0x38 c:/infineon/tools/dave ide/4.5.0.202105191637/eclipse/arm-gcc-49/bin/../lib/gcc/arm-none-eabi/4.9.3/../../../../arm-none-eabi/lib/armv7e-m/softfp\libg_nano.a(lib_a-locale.o)
 *(*.data)
 *(.gnu.linkonce.d*)
                0x20000168                . = ALIGN (0x4)
                0x20000168                PROVIDE (__preinit_array_start, .)
 *(.preinit_array)
                0x20000168                PROVIDE (__preinit_array_end, .)
                0x20000168                . = ALIGN (0x4)
                0x20000168                PROVIDE (__init_array_start, .)
 *(SORT(.init_array.*))
 *(.init_array)
                0x20000168                PROVIDE (__init_array_end, .)
                0x20000168                . = ALIGN (0x4)
                0x20000168                PROVIDE (__fini_array_start, .)
 *(SORT(.fini_array.*))
 *(.fini_array)
                0x20000168                PROVIDE (__fini_array_end, .)
                0x20000168                . = ALIGN (0x4)
                0x20000168                __data_end = .
                0x0c008758                __data_load = LOADADDR (.data)
                0x00000168                __data_size = (__data_end - __data_start)

.igot.plt       0x20000168        0x0 load address 0x0c0088c0
 .igot.plt      0x00000000        0x0 ./Startup/startup_XMC4500.o

.bss            0x20000168      0x238 load address 0x0c0088c0
                0x20000168                . = ALIGN (0x4)
                0x20000168                __bss_start = .
 *(.bss)
 *(.bss*)
 .bss.SSD1306_Buffer
                0x20000168      0x208 ./SSD1306/ssd1306.o
 .bss.heap_ptr.4331
                0x20000370        0x4 ./Libraries/Newlib/syscalls.o
 .bss.CLOCK_XMC4_0
                0x20000374        0x4 ./Dave/Generated/CLOCK_XMC4/clock_xmc4_conf.o
                0x20000374                CLOCK_XMC4_0
 .bss.Channel_A_res_config
                0x20000378        0x4 ./Dave/Generated/ADC_MEASUREMENT/adc_measurement_conf.o
                0x20000378                Channel_A_res_config
 .bss.SysTickCnt
                0x2000037c        0x4 ./main.o
                0x2000037c                SysTickCnt
 .bss.__malloc_sbrk_start
                0x20000380        0x4 c:/infineon/tools/dave ide/4.5.0.202105191637/eclipse/arm-gcc-49/bin/../lib/gcc/arm-none-eabi/4.9.3/../../../../arm-none-eabi/lib/armv7e-m/softfp\libg_nano.a(lib_a-nano-mallocr.o)
                0x20000380                __malloc_sbrk_start
 .bss.__malloc_free_list
                0x20000384        0x4 c:/infineon/tools/dave ide/4.5.0.202105191637/eclipse/arm-gcc-49/bin/../lib/gcc/arm-none-eabi/4.9.3/../../../../arm-none-eabi/lib/armv7e-m/softfp\libg_nano.a(lib_a-nano-mallocr.o)
                0x20000384                __malloc_free_list
 *(COMMON)
 COMMON         0x20000388       0x10 ./SSD1306/ssd1306.o
                0x20000388                SSD1306
 COMMON         0x20000398        0x2 ./main.o
                0x20000398                result
 *fill*         0x2000039a        0x2 
 COMMON         0x2000039c        0x4 c:/infineon/tools/dave ide/4.5.0.202105191637/eclipse/arm-gcc-49/bin/../lib/gcc/arm-none-eabi/4.9.3/../../../../arm-none-eabi/lib/armv7e-m/softfp\libg_nano.a(lib_a-reent.o)
                0x2000039c                errno
 *(.gnu.linkonce.b*)
                0x200003a0                . = ALIGN (0x4)
                0x200003a0                __bss_end = .
                0x200003a0                . = ALIGN (0x8)
                0x200003a0                Heap_Bank1_Start = .
                0x00000238                __bss_size = (__bss_end - __bss_start)

.no_init        0x2000ffc0       0x14
                0x2000ffc0                Heap_Bank1_End = .
 *(.no_init)
 .no_init       0x2000ffc0       0x14 ./Startup/system_XMC4500.o
                0x2000ffc0                SystemCoreClock
                0x2000ffc4                g_chipid

DSRAM2_DATA     0x30000000        0x0 load address 0x0c0088c0
                0x30000000                . = ALIGN (0x4)
                0x30000000                __data2_start = .
 *(DSRAM2_DATA)
                0x30000000                . = ALIGN (0x4)
                0x30000000                __data2_end = .
                0x0c0088c0                __data2_load = LOADADDR (DSRAM2_DATA)
                0x00000000                __data2_size = (__data2_end - __data2_start)
                0x000088c0                __text_size = (((((__exidx_end - sText) + __data_size) + __ram_code_size) + __data2_size) + __data3_size)
                0x080088c0                eText = (sText + __text_size)

DSRAM2_BSS      0x30000000        0x0 load address 0x0c0088c0
                0x30000000                . = ALIGN (0x4)
                0x30000000                __bss2_start = .
 *(ETH_RAM)
 *(USB_RAM)
 *(DSRAM2_BSS)
                0x30000000                . = ALIGN (0x4)
                0x30000000                __bss2_end = .
                0x30000000                . = ALIGN (0x8)
                0x30000000                Heap_Bank2_Start = .
                0x00000000                __bss2_size = (__bss2_end - __bss2_start)
                0x0000fc20                Heap_Bank1_Size = (Heap_Bank1_End - Heap_Bank1_Start)
                0x00008000                Heap_Bank2_Size = (0x8000 - (Heap_Bank2_Start - ORIGIN (DSRAM_2_comm)))
                0x0000f800                Heap_Bank3_Size = (0x10000 - (Heap_Bank3_Start - ORIGIN (PSRAM_1)))
                0x00000001                ASSERT ((Heap_Bank1_Start <= Heap_Bank1_End), region SRAM_combined overflowed no_init section)

/DISCARD/
 *(.comment)

.stab
 *(.stab)

.stabstr
 *(.stabstr)

.debug
 *(.debug)

.line
 *(.line)

.debug_srcinfo
 *(.debug_srcinfo)

.debug_sfnames
 *(.debug_sfnames)

.debug_aranges  0x00000000      0xda0
 *(.debug_aranges)
 .debug_aranges
                0x00000000       0x20 ./Startup/startup_XMC4500.o
 .debug_aranges
                0x00000020       0x48 ./Startup/system_XMC4500.o
 .debug_aranges
                0x00000068       0xe0 ./SSD1306/ssd1306.o
 .debug_aranges
                0x00000148       0x18 ./SSD1306/ssd1306_fonts.o
 .debug_aranges
                0x00000160       0x28 ./Libraries/XMCLib/src/xmc4_gpio.o
 .debug_aranges
                0x00000188      0x3c8 ./Libraries/XMCLib/src/xmc4_scu.o
 .debug_aranges
                0x00000550       0x28 ./Libraries/XMCLib/src/xmc_gpio.o
 .debug_aranges
                0x00000578       0xb0 ./Libraries/XMCLib/src/xmc_i2c.o
 .debug_aranges
                0x00000628       0xb8 ./Libraries/XMCLib/src/xmc_usic.o
 .debug_aranges
                0x000006e0      0x278 ./Libraries/XMCLib/src/xmc_vadc.o
 .debug_aranges
                0x00000958       0x28 ./Libraries/Newlib/syscalls.o
 .debug_aranges
                0x00000980      0x1b0 ./Dave/Generated/I2C_MASTER/i2c_master.o
 .debug_aranges
                0x00000b30       0x90 ./Dave/Generated/I2C_MASTER/i2c_master_conf.o
 .debug_aranges
                0x00000bc0       0x30 ./Dave/Generated/GLOBAL_ADC/global_adc.o
 .debug_aranges
                0x00000bf0       0x18 ./Dave/Generated/GLOBAL_ADC/global_adc_conf.o
 .debug_aranges
                0x00000c08       0x28 ./Dave/Generated/CPU_CTRL_XMC4/cpu_ctrl_xmc4_conf.o
 .debug_aranges
                0x00000c30       0x38 ./Dave/Generated/CLOCK_XMC4/clock_xmc4.o
 .debug_aranges
                0x00000c68       0x20 ./Dave/Generated/CLOCK_XMC4/clock_xmc4_conf.o
 .debug_aranges
                0x00000c88       0x88 ./Dave/Generated/ADC_MEASUREMENT/adc_measurement.o
 .debug_aranges
                0x00000d10       0x18 ./Dave/Generated/ADC_MEASUREMENT/adc_measurement_conf.o
 .debug_aranges
                0x00000d28       0x20 ./Dave/Generated/DAVE.o
 .debug_aranges
                0x00000d48       0x58 ./main.o

.debug_pubnames
 *(.debug_pubnames)

.debug_pubtypes
 *(.debug_pubtypes)

.debug_info     0x00000000    0x1678c
 *(.debug_info .gnu.linkonce.wi.*)
 .debug_info    0x00000000       0x8a ./Startup/startup_XMC4500.o
 .debug_info    0x0000008a      0x970 ./Startup/system_XMC4500.o
 .debug_info    0x000009fa      0xf44 ./SSD1306/ssd1306.o
 .debug_info    0x0000193e      0x1ce ./SSD1306/ssd1306_fonts.o
 .debug_info    0x00001b0c      0x4dd ./Libraries/XMCLib/src/xmc4_gpio.o
 .debug_info    0x00001fe9     0x217b ./Libraries/XMCLib/src/xmc4_scu.o
 .debug_info    0x00004164      0x458 ./Libraries/XMCLib/src/xmc_gpio.o
 .debug_info    0x000045bc      0xba3 ./Libraries/XMCLib/src/xmc_i2c.o
 .debug_info    0x0000515f      0xead ./Libraries/XMCLib/src/xmc_usic.o
 .debug_info    0x0000600c     0x2eab ./Libraries/XMCLib/src/xmc_vadc.o
 .debug_info    0x00008eb7      0x11f ./Libraries/Newlib/syscalls.o
 .debug_info    0x00008fd6     0x1bea ./Dave/Generated/I2C_MASTER/i2c_master.o
 .debug_info    0x0000abc0     0x1467 ./Dave/Generated/I2C_MASTER/i2c_master_conf.o
 .debug_info    0x0000c027     0x1067 ./Dave/Generated/GLOBAL_ADC/global_adc.o
 .debug_info    0x0000d08e     0x106a ./Dave/Generated/GLOBAL_ADC/global_adc_conf.o
 .debug_info    0x0000e0f8      0x52e ./Dave/Generated/CPU_CTRL_XMC4/cpu_ctrl_xmc4_conf.o
 .debug_info    0x0000e626      0x2dd ./Dave/Generated/CLOCK_XMC4/clock_xmc4.o
 .debug_info    0x0000e903      0x43e ./Dave/Generated/CLOCK_XMC4/clock_xmc4_conf.o
 .debug_info    0x0000ed41     0x1eb6 ./Dave/Generated/ADC_MEASUREMENT/adc_measurement.o
 .debug_info    0x00010bf7     0x1842 ./Dave/Generated/ADC_MEASUREMENT/adc_measurement_conf.o
 .debug_info    0x00012439     0x1eab ./Dave/Generated/DAVE.o
 .debug_info    0x000142e4     0x24a8 ./main.o

.debug_abbrev   0x00000000     0x296e
 *(.debug_abbrev)
 .debug_abbrev  0x00000000       0x14 ./Startup/startup_XMC4500.o
 .debug_abbrev  0x00000014      0x1f1 ./Startup/system_XMC4500.o
 .debug_abbrev  0x00000205      0x31f ./SSD1306/ssd1306.o
 .debug_abbrev  0x00000524       0xa0 ./SSD1306/ssd1306_fonts.o
 .debug_abbrev  0x000005c4      0x144 ./Libraries/XMCLib/src/xmc4_gpio.o
 .debug_abbrev  0x00000708      0x2a3 ./Libraries/XMCLib/src/xmc4_scu.o
 .debug_abbrev  0x000009ab      0x144 ./Libraries/XMCLib/src/xmc_gpio.o
 .debug_abbrev  0x00000aef      0x2af ./Libraries/XMCLib/src/xmc_i2c.o
 .debug_abbrev  0x00000d9e      0x24c ./Libraries/XMCLib/src/xmc_usic.o
 .debug_abbrev  0x00000fea      0x282 ./Libraries/XMCLib/src/xmc_vadc.o
 .debug_abbrev  0x0000126c       0xbd ./Libraries/Newlib/syscalls.o
 .debug_abbrev  0x00001329      0x2fc ./Dave/Generated/I2C_MASTER/i2c_master.o
 .debug_abbrev  0x00001625      0x286 ./Dave/Generated/I2C_MASTER/i2c_master_conf.o
 .debug_abbrev  0x000018ab      0x20d ./Dave/Generated/GLOBAL_ADC/global_adc.o
 .debug_abbrev  0x00001ab8      0x1ac ./Dave/Generated/GLOBAL_ADC/global_adc_conf.o
 .debug_abbrev  0x00001c64      0x1b4 ./Dave/Generated/CPU_CTRL_XMC4/cpu_ctrl_xmc4_conf.o
 .debug_abbrev  0x00001e18      0x13d ./Dave/Generated/CLOCK_XMC4/clock_xmc4.o
 .debug_abbrev  0x00001f55      0x134 ./Dave/Generated/CLOCK_XMC4/clock_xmc4_conf.o
 .debug_abbrev  0x00002089      0x294 ./Dave/Generated/ADC_MEASUREMENT/adc_measurement.o
 .debug_abbrev  0x0000231d      0x1a2 ./Dave/Generated/ADC_MEASUREMENT/adc_measurement_conf.o
 .debug_abbrev  0x000024bf      0x1de ./Dave/Generated/DAVE.o
 .debug_abbrev  0x0000269d      0x2d1 ./main.o

.debug_line     0x00000000     0x5f00
 *(.debug_line)
 .debug_line    0x00000000       0x88 ./Startup/startup_XMC4500.o
 .debug_line    0x00000088      0x31e ./Startup/system_XMC4500.o
 .debug_line    0x000003a6      0x676 ./SSD1306/ssd1306.o
 .debug_line    0x00000a1c      0x124 ./SSD1306/ssd1306_fonts.o
 .debug_line    0x00000b40      0x239 ./Libraries/XMCLib/src/xmc4_gpio.o
 .debug_line    0x00000d79      0xdfc ./Libraries/XMCLib/src/xmc4_scu.o
 .debug_line    0x00001b75      0x226 ./Libraries/XMCLib/src/xmc_gpio.o
 .debug_line    0x00001d9b      0x3f5 ./Libraries/XMCLib/src/xmc_i2c.o
 .debug_line    0x00002190      0x544 ./Libraries/XMCLib/src/xmc_usic.o
 .debug_line    0x000026d4      0xafb ./Libraries/XMCLib/src/xmc_vadc.o
 .debug_line    0x000031cf       0xd0 ./Libraries/Newlib/syscalls.o
 .debug_line    0x0000329f      0x910 ./Dave/Generated/I2C_MASTER/i2c_master.o
 .debug_line    0x00003baf      0x416 ./Dave/Generated/I2C_MASTER/i2c_master_conf.o
 .debug_line    0x00003fc5      0x354 ./Dave/Generated/GLOBAL_ADC/global_adc.o
 .debug_line    0x00004319      0x29b ./Dave/Generated/GLOBAL_ADC/global_adc_conf.o
 .debug_line    0x000045b4      0x293 ./Dave/Generated/CPU_CTRL_XMC4/cpu_ctrl_xmc4_conf.o
 .debug_line    0x00004847      0x2d4 ./Dave/Generated/CLOCK_XMC4/clock_xmc4.o
 .debug_line    0x00004b1b      0x2ab ./Dave/Generated/CLOCK_XMC4/clock_xmc4_conf.o
 .debug_line    0x00004dc6      0x50d ./Dave/Generated/ADC_MEASUREMENT/adc_measurement.o
 .debug_line    0x000052d3      0x32a ./Dave/Generated/ADC_MEASUREMENT/adc_measurement_conf.o
 .debug_line    0x000055fd      0x3ba ./Dave/Generated/DAVE.o
 .debug_line    0x000059b7      0x549 ./main.o

.debug_frame    0x00000000     0x4408
 *(.debug_frame)
 .debug_frame   0x00000000       0xec ./Startup/system_XMC4500.o
 .debug_frame   0x000000ec      0x40c ./SSD1306/ssd1306.o
 .debug_frame   0x000004f8       0x60 ./Libraries/XMCLib/src/xmc4_gpio.o
 .debug_frame   0x00000558     0x11c0 ./Libraries/XMCLib/src/xmc4_scu.o
 .debug_frame   0x00001718       0x60 ./Libraries/XMCLib/src/xmc_gpio.o
 .debug_frame   0x00001778      0x308 ./Libraries/XMCLib/src/xmc_i2c.o
 .debug_frame   0x00001a80      0x330 ./Libraries/XMCLib/src/xmc_usic.o
 .debug_frame   0x00001db0      0xbd8 ./Libraries/XMCLib/src/xmc_vadc.o
 .debug_frame   0x00002988       0x5c ./Libraries/Newlib/syscalls.o
 .debug_frame   0x000029e4      0x80c ./Dave/Generated/I2C_MASTER/i2c_master.o
 .debug_frame   0x000031f0      0x234 ./Dave/Generated/I2C_MASTER/i2c_master_conf.o
 .debug_frame   0x00003424       0x88 ./Dave/Generated/GLOBAL_ADC/global_adc.o
 .debug_frame   0x000034ac       0x60 ./Dave/Generated/CPU_CTRL_XMC4/cpu_ctrl_xmc4_conf.o
 .debug_frame   0x0000350c       0xac ./Dave/Generated/CLOCK_XMC4/clock_xmc4.o
 .debug_frame   0x000035b8       0x3c ./Dave/Generated/CLOCK_XMC4/clock_xmc4_conf.o
 .debug_frame   0x000035f4      0x240 ./Dave/Generated/ADC_MEASUREMENT/adc_measurement.o
 .debug_frame   0x00003834       0x38 ./Dave/Generated/DAVE.o
 .debug_frame   0x0000386c      0x138 ./main.o
 .debug_frame   0x000039a4       0x30 c:/infineon/tools/dave ide/4.5.0.202105191637/eclipse/arm-gcc-49/bin/../lib/gcc/arm-none-eabi/4.9.3/../../../../arm-none-eabi/lib/armv7e-m/softfp\libm.a(lib_a-s_trunc.o)
 .debug_frame   0x000039d4       0x20 c:/infineon/tools/dave ide/4.5.0.202105191637/eclipse/arm-gcc-49/bin/../lib/gcc/arm-none-eabi/4.9.3/../../../../arm-none-eabi/lib/armv7e-m/softfp\libg_nano.a(lib_a-errno.o)
 .debug_frame   0x000039f4       0x2c c:/infineon/tools/dave ide/4.5.0.202105191637/eclipse/arm-gcc-49/bin/../lib/gcc/arm-none-eabi/4.9.3/../../../../arm-none-eabi/lib/armv7e-m/softfp\libg_nano.a(lib_a-init.o)
 .debug_frame   0x00003a20       0x28 c:/infineon/tools/dave ide/4.5.0.202105191637/eclipse/arm-gcc-49/bin/../lib/gcc/arm-none-eabi/4.9.3/../../../../arm-none-eabi/lib/armv7e-m/softfp\libg_nano.a(lib_a-memcpy.o)
 .debug_frame   0x00003a48       0x20 c:/infineon/tools/dave ide/4.5.0.202105191637/eclipse/arm-gcc-49/bin/../lib/gcc/arm-none-eabi/4.9.3/../../../../arm-none-eabi/lib/armv7e-m/softfp\libg_nano.a(lib_a-memset.o)
 .debug_frame   0x00003a68       0x8c c:/infineon/tools/dave ide/4.5.0.202105191637/eclipse/arm-gcc-49/bin/../lib/gcc/arm-none-eabi/4.9.3/../../../../arm-none-eabi/lib/armv7e-m/softfp\libg_nano.a(lib_a-nano-vfprintf_float.o)
 .debug_frame   0x00003af4       0x58 c:/infineon/tools/dave ide/4.5.0.202105191637/eclipse/arm-gcc-49/bin/../lib/gcc/arm-none-eabi/4.9.3/../../../../arm-none-eabi/lib/armv7e-m/softfp\libg_nano.a(lib_a-nano-vfprintf_i.o)
 .debug_frame   0x00003b4c       0x40 c:/infineon/tools/dave ide/4.5.0.202105191637/eclipse/arm-gcc-49/bin/../lib/gcc/arm-none-eabi/4.9.3/../../../../arm-none-eabi/lib/armv7e-m/softfp\libg_nano.a(lib_a-nano-vfscanf_float.o)
 .debug_frame   0x00003b8c       0x28 c:/infineon/tools/dave ide/4.5.0.202105191637/eclipse/arm-gcc-49/bin/../lib/gcc/arm-none-eabi/4.9.3/../../../../arm-none-eabi/lib/armv7e-m/softfp\libg_nano.a(lib_a-s_fpclassify.o)
 .debug_frame   0x00003bb4       0x20 c:/infineon/tools/dave ide/4.5.0.202105191637/eclipse/arm-gcc-49/bin/../lib/gcc/arm-none-eabi/4.9.3/../../../../arm-none-eabi/lib/armv7e-m/softfp\libg_nano.a(lib_a-sf_nan.o)
 .debug_frame   0x00003bd4       0x70 c:/infineon/tools/dave ide/4.5.0.202105191637/eclipse/arm-gcc-49/bin/../lib/gcc/arm-none-eabi/4.9.3/../../../../arm-none-eabi/lib/armv7e-m/softfp\libg_nano.a(lib_a-sprintf.o)
 .debug_frame   0x00003c44       0x20 c:/infineon/tools/dave ide/4.5.0.202105191637/eclipse/arm-gcc-49/bin/../lib/gcc/arm-none-eabi/4.9.3/../../../../arm-none-eabi/lib/armv7e-m/softfp\libg_nano.a(lib_a-strlen.o)
 .debug_frame   0x00003c64       0xb4 c:/infineon/tools/dave ide/4.5.0.202105191637/eclipse/arm-gcc-49/bin/../lib/gcc/arm-none-eabi/4.9.3/../../../../arm-none-eabi/lib/armv7e-m/softfp\libg_nano.a(lib_a-strtod.o)
 .debug_frame   0x00003d18       0x54 c:/infineon/tools/dave ide/4.5.0.202105191637/eclipse/arm-gcc-49/bin/../lib/gcc/arm-none-eabi/4.9.3/../../../../arm-none-eabi/lib/armv7e-m/softfp\libg_nano.a(lib_a-strtol.o)
 .debug_frame   0x00003d6c       0x6c c:/infineon/tools/dave ide/4.5.0.202105191637/eclipse/arm-gcc-49/bin/../lib/gcc/arm-none-eabi/4.9.3/../../../../arm-none-eabi/lib/armv7e-m/softfp\libg_nano.a(lib_a-dtoa.o)
 .debug_frame   0x00003dd8       0x70 c:/infineon/tools/dave ide/4.5.0.202105191637/eclipse/arm-gcc-49/bin/../lib/gcc/arm-none-eabi/4.9.3/../../../../arm-none-eabi/lib/armv7e-m/softfp\libg_nano.a(lib_a-gdtoa-gethex.o)
 .debug_frame   0x00003e48       0x58 c:/infineon/tools/dave ide/4.5.0.202105191637/eclipse/arm-gcc-49/bin/../lib/gcc/arm-none-eabi/4.9.3/../../../../arm-none-eabi/lib/armv7e-m/softfp\libg_nano.a(lib_a-gdtoa-hexnan.o)
 .debug_frame   0x00003ea0       0x98 c:/infineon/tools/dave ide/4.5.0.202105191637/eclipse/arm-gcc-49/bin/../lib/gcc/arm-none-eabi/4.9.3/../../../../arm-none-eabi/lib/armv7e-m/softfp\libg_nano.a(lib_a-locale.o)
 .debug_frame   0x00003f38       0x30 c:/infineon/tools/dave ide/4.5.0.202105191637/eclipse/arm-gcc-49/bin/../lib/gcc/arm-none-eabi/4.9.3/../../../../arm-none-eabi/lib/armv7e-m/softfp\libg_nano.a(lib_a-malloc.o)
 .debug_frame   0x00003f68       0x28 c:/infineon/tools/dave ide/4.5.0.202105191637/eclipse/arm-gcc-49/bin/../lib/gcc/arm-none-eabi/4.9.3/../../../../arm-none-eabi/lib/armv7e-m/softfp\libg_nano.a(lib_a-memchr.o)
 .debug_frame   0x00003f90      0x230 c:/infineon/tools/dave ide/4.5.0.202105191637/eclipse/arm-gcc-49/bin/../lib/gcc/arm-none-eabi/4.9.3/../../../../arm-none-eabi/lib/armv7e-m/softfp\libg_nano.a(lib_a-mprec.o)
 .debug_frame   0x000041c0       0x2c c:/infineon/tools/dave ide/4.5.0.202105191637/eclipse/arm-gcc-49/bin/../lib/gcc/arm-none-eabi/4.9.3/../../../../arm-none-eabi/lib/armv7e-m/softfp\libg_nano.a(lib_a-nano-callocr.o)
 .debug_frame   0x000041ec       0x2c c:/infineon/tools/dave ide/4.5.0.202105191637/eclipse/arm-gcc-49/bin/../lib/gcc/arm-none-eabi/4.9.3/../../../../arm-none-eabi/lib/armv7e-m/softfp\libg_nano.a(lib_a-nano-freer.o)
 .debug_frame   0x00004218       0x2c c:/infineon/tools/dave ide/4.5.0.202105191637/eclipse/arm-gcc-49/bin/../lib/gcc/arm-none-eabi/4.9.3/../../../../arm-none-eabi/lib/armv7e-m/softfp\libg_nano.a(lib_a-nano-mallocr.o)
 .debug_frame   0x00004244       0x8c c:/infineon/tools/dave ide/4.5.0.202105191637/eclipse/arm-gcc-49/bin/../lib/gcc/arm-none-eabi/4.9.3/../../../../arm-none-eabi/lib/armv7e-m/softfp\libg_nano.a(lib_a-nano-svfprintf.o)
 .debug_frame   0x000042d0       0x2c c:/infineon/tools/dave ide/4.5.0.202105191637/eclipse/arm-gcc-49/bin/../lib/gcc/arm-none-eabi/4.9.3/../../../../arm-none-eabi/lib/armv7e-m/softfp\libg_nano.a(lib_a-sbrkr.o)
 .debug_frame   0x000042fc       0x2c c:/infineon/tools/dave ide/4.5.0.202105191637/eclipse/arm-gcc-49/bin/../lib/gcc/arm-none-eabi/4.9.3/../../../../arm-none-eabi/lib/armv7e-m/softfp\libg_nano.a(lib_a-strncmp.o)
 .debug_frame   0x00004328       0x28 c:/infineon/tools/dave ide/4.5.0.202105191637/eclipse/arm-gcc-49/bin/../lib/gcc/arm-none-eabi/4.9.3/../../../../arm-none-eabi/lib/armv7e-m/softfp\libg_nano.a(lib_a-memmove.o)
 .debug_frame   0x00004350       0x3c c:/infineon/tools/dave ide/4.5.0.202105191637/eclipse/arm-gcc-49/bin/../lib/gcc/arm-none-eabi/4.9.3/../../../../arm-none-eabi/lib/armv7e-m/softfp\libg_nano.a(lib_a-nano-reallocr.o)
 .debug_frame   0x0000438c       0x5c c:/infineon/tools/dave ide/4.5.0.202105191637/eclipse/arm-gcc-49/bin/../lib/gcc/arm-none-eabi/4.9.3/../../../../arm-none-eabi/lib/armv7e-m/softfp\libg_nano.a(lib_a-reent.o)
 .debug_frame   0x000043e8       0x20 c:/infineon/tools/dave ide/4.5.0.202105191637/eclipse/arm-gcc-49/bin/../lib/gcc/arm-none-eabi/4.9.3/../../../../arm-none-eabi/lib/armv7e-m/softfp\libg_nano.a(lib_a-nano-msizer.o)

.debug_str      0x00000000     0x8b43
 *(.debug_str)
 .debug_str     0x00000000      0x574 ./Startup/system_XMC4500.o
                                0x5f4 (size before relaxing)
 .debug_str     0x00000574      0xbc5 ./SSD1306/ssd1306.o
                                0xe9b (size before relaxing)
 .debug_str     0x00001139       0x69 ./SSD1306/ssd1306_fonts.o
                                0x25c (size before relaxing)
 .debug_str     0x000011a2      0x53f ./Libraries/XMCLib/src/xmc4_gpio.o
                                0x7e9 (size before relaxing)
 .debug_str     0x000016e1     0x1f6f ./Libraries/XMCLib/src/xmc4_scu.o
                               0x24ab (size before relaxing)
 .debug_str     0x00003650       0xca ./Libraries/XMCLib/src/xmc_gpio.o
                                0x697 (size before relaxing)
 .debug_str     0x0000371a      0x602 ./Libraries/XMCLib/src/xmc_i2c.o
                                0xd50 (size before relaxing)
 .debug_str     0x00003d1c      0x9f1 ./Libraries/XMCLib/src/xmc_usic.o
                               0x12a5 (size before relaxing)
 .debug_str     0x0000470d     0x208e ./Libraries/XMCLib/src/xmc_vadc.o
                               0x2732 (size before relaxing)
 .debug_str     0x0000679b       0x6f ./Libraries/Newlib/syscalls.o
                                0x225 (size before relaxing)
 .debug_str     0x0000680a     0x1364 ./Dave/Generated/I2C_MASTER/i2c_master.o
                               0x1e3f (size before relaxing)
 .debug_str     0x00007b6e      0x22c ./Dave/Generated/I2C_MASTER/i2c_master_conf.o
                               0x19da (size before relaxing)
 .debug_str     0x00007d9a      0x1c8 ./Dave/Generated/GLOBAL_ADC/global_adc.o
                                0xa98 (size before relaxing)
 .debug_str     0x00007f62      0x21d ./Dave/Generated/GLOBAL_ADC/global_adc_conf.o
                                0xb97 (size before relaxing)
 .debug_str     0x0000817f       0x94 ./Dave/Generated/CPU_CTRL_XMC4/cpu_ctrl_xmc4_conf.o
                                0x429 (size before relaxing)
 .debug_str     0x00008213       0xf3 ./Dave/Generated/CLOCK_XMC4/clock_xmc4.o
                                0x3da (size before relaxing)
 .debug_str     0x00008306       0x50 ./Dave/Generated/CLOCK_XMC4/clock_xmc4_conf.o
                                0x7ba (size before relaxing)
 .debug_str     0x00008356      0x3df ./Dave/Generated/ADC_MEASUREMENT/adc_measurement.o
                               0x18a9 (size before relaxing)
 .debug_str     0x00008735      0x2c8 ./Dave/Generated/ADC_MEASUREMENT/adc_measurement_conf.o
                               0x1818 (size before relaxing)
 .debug_str     0x000089fd       0x65 ./Dave/Generated/DAVE.o
                               0x1a9c (size before relaxing)
 .debug_str     0x00008a62       0xe1 ./main.o
                               0x1fb1 (size before relaxing)

.debug_loc      0x00000000     0x7829
 *(.debug_loc)
 .debug_loc     0x00000000      0x1a4 ./Startup/system_XMC4500.o
 .debug_loc     0x000001a4      0x818 ./SSD1306/ssd1306.o
 .debug_loc     0x000009bc       0xb8 ./Libraries/XMCLib/src/xmc4_gpio.o
 .debug_loc     0x00000a74     0x2504 ./Libraries/XMCLib/src/xmc4_scu.o
 .debug_loc     0x00002f78       0xb8 ./Libraries/XMCLib/src/xmc_gpio.o
 .debug_loc     0x00003030      0x650 ./Libraries/XMCLib/src/xmc_i2c.o
 .debug_loc     0x00003680      0x6c6 ./Libraries/XMCLib/src/xmc_usic.o
 .debug_loc     0x00003d46     0x1a6c ./Libraries/XMCLib/src/xmc_vadc.o
 .debug_loc     0x000057b2       0x94 ./Libraries/Newlib/syscalls.o
 .debug_loc     0x00005846     0x10c8 ./Dave/Generated/I2C_MASTER/i2c_master.o
 .debug_loc     0x0000690e      0x468 ./Dave/Generated/I2C_MASTER/i2c_master_conf.o
 .debug_loc     0x00006d76      0x108 ./Dave/Generated/GLOBAL_ADC/global_adc.o
 .debug_loc     0x00006e7e       0xac ./Dave/Generated/CPU_CTRL_XMC4/cpu_ctrl_xmc4_conf.o
 .debug_loc     0x00006f2a      0x14c ./Dave/Generated/CLOCK_XMC4/clock_xmc4.o
 .debug_loc     0x00007076       0x50 ./Dave/Generated/CLOCK_XMC4/clock_xmc4_conf.o
 .debug_loc     0x000070c6      0x4c0 ./Dave/Generated/ADC_MEASUREMENT/adc_measurement.o
 .debug_loc     0x00007586       0x50 ./Dave/Generated/DAVE.o
 .debug_loc     0x000075d6      0x253 ./main.o

.debug_macinfo
 *(.debug_macinfo)

.debug_ranges   0x00000000      0xc18
 *(.debug_ranges)
 .debug_ranges  0x00000000       0x38 ./Startup/system_XMC4500.o
 .debug_ranges  0x00000038       0xd0 ./SSD1306/ssd1306.o
 .debug_ranges  0x00000108       0x18 ./Libraries/XMCLib/src/xmc4_gpio.o
 .debug_ranges  0x00000120      0x3b8 ./Libraries/XMCLib/src/xmc4_scu.o
 .debug_ranges  0x000004d8       0x18 ./Libraries/XMCLib/src/xmc_gpio.o
 .debug_ranges  0x000004f0       0xa0 ./Libraries/XMCLib/src/xmc_i2c.o
 .debug_ranges  0x00000590       0xa8 ./Libraries/XMCLib/src/xmc_usic.o
 .debug_ranges  0x00000638      0x268 ./Libraries/XMCLib/src/xmc_vadc.o
 .debug_ranges  0x000008a0       0x18 ./Libraries/Newlib/syscalls.o
 .debug_ranges  0x000008b8      0x1a0 ./Dave/Generated/I2C_MASTER/i2c_master.o
 .debug_ranges  0x00000a58       0x80 ./Dave/Generated/I2C_MASTER/i2c_master_conf.o
 .debug_ranges  0x00000ad8       0x20 ./Dave/Generated/GLOBAL_ADC/global_adc.o
 .debug_ranges  0x00000af8       0x18 ./Dave/Generated/CPU_CTRL_XMC4/cpu_ctrl_xmc4_conf.o
 .debug_ranges  0x00000b10       0x28 ./Dave/Generated/CLOCK_XMC4/clock_xmc4.o
 .debug_ranges  0x00000b38       0x10 ./Dave/Generated/CLOCK_XMC4/clock_xmc4_conf.o
 .debug_ranges  0x00000b48       0x78 ./Dave/Generated/ADC_MEASUREMENT/adc_measurement.o
 .debug_ranges  0x00000bc0       0x10 ./Dave/Generated/DAVE.o
 .debug_ranges  0x00000bd0       0x48 ./main.o

.debug_weaknames
 *(.debug_weaknames)

.debug_funcnames
 *(.debug_funcnames)

.debug_typenames
 *(.debug_typenames)

.debug_varnames
 *(.debug_varnames)

.build_attributes
                0x00000000      0xc06
 *(.ARM.attributes)
 .ARM.attributes
                0x00000000       0x25 ./Startup/startup_XMC4500.o
 .ARM.attributes
                0x00000025       0x37 ./Startup/system_XMC4500.o
 .ARM.attributes
                0x0000005c       0x37 ./SSD1306/ssd1306.o
 .ARM.attributes
                0x00000093       0x37 ./SSD1306/ssd1306_fonts.o
 .ARM.attributes
                0x000000ca       0x37 ./Libraries/XMCLib/src/xmc4_gpio.o
 .ARM.attributes
                0x00000101       0x37 ./Libraries/XMCLib/src/xmc4_scu.o
 .ARM.attributes
                0x00000138       0x37 ./Libraries/XMCLib/src/xmc_gpio.o